Archive member included to satisfy reference by file (symbol)

c:/program files (x86)/atmel/studio/7.0/toolchain/arm/arm-gnu-toolchain/bin/../lib/gcc/arm-none-eabi/6.3.1/thumb/v7e-m\libgcc.a(_arm_addsubdf3.o)
                              src/main.o (__aeabi_i2d)
c:/program files (x86)/atmel/studio/7.0/toolchain/arm/arm-gnu-toolchain/bin/../lib/gcc/arm-none-eabi/6.3.1/thumb/v7e-m\libgcc.a(_arm_muldivdf3.o)
                              src/main.o (__aeabi_dmul)
c:/program files (x86)/atmel/studio/7.0/toolchain/arm/arm-gnu-toolchain/bin/../lib/gcc/arm-none-eabi/6.3.1/thumb/v7e-m\libgcc.a(_arm_truncdfsf2.o)
                              src/main.o (__aeabi_d2f)
c:/program files (x86)/atmel/studio/7.0/toolchain/arm/arm-gnu-toolchain/bin/../lib/gcc/arm-none-eabi/6.3.1/thumb/v7e-m\libgcc.a(_aeabi_uldivmod.o)
                              src/oled/ssd1306.o (__aeabi_uldivmod)
c:/program files (x86)/atmel/studio/7.0/toolchain/arm/arm-gnu-toolchain/bin/../lib/gcc/arm-none-eabi/6.3.1/thumb/v7e-m\libgcc.a(_udivmoddi4.o)
                              c:/program files (x86)/atmel/studio/7.0/toolchain/arm/arm-gnu-toolchain/bin/../lib/gcc/arm-none-eabi/6.3.1/thumb/v7e-m\libgcc.a(_aeabi_uldivmod.o) (__udivmoddi4)
c:/program files (x86)/atmel/studio/7.0/toolchain/arm/arm-gnu-toolchain/bin/../lib/gcc/arm-none-eabi/6.3.1/thumb/v7e-m\libgcc.a(_dvmd_tls.o)
                              c:/program files (x86)/atmel/studio/7.0/toolchain/arm/arm-gnu-toolchain/bin/../lib/gcc/arm-none-eabi/6.3.1/thumb/v7e-m\libgcc.a(_aeabi_uldivmod.o) (__aeabi_ldiv0)
c:/program files (x86)/atmel/studio/7.0/toolchain/arm/arm-gnu-toolchain/bin/../lib/gcc/arm-none-eabi/6.3.1/../../../../arm-none-eabi/lib/thumb/v7e-m\libc.a(lib_a-exit.o)
                              c:/program files (x86)/atmel/studio/7.0/toolchain/arm/arm-gnu-toolchain/bin/../lib/gcc/arm-none-eabi/6.3.1/../../../../arm-none-eabi/lib/thumb/v7e-m/crt0.o (exit)
c:/program files (x86)/atmel/studio/7.0/toolchain/arm/arm-gnu-toolchain/bin/../lib/gcc/arm-none-eabi/6.3.1/../../../../arm-none-eabi/lib/thumb/v7e-m\libc.a(lib_a-impure.o)
                              c:/program files (x86)/atmel/studio/7.0/toolchain/arm/arm-gnu-toolchain/bin/../lib/gcc/arm-none-eabi/6.3.1/../../../../arm-none-eabi/lib/thumb/v7e-m\libc.a(lib_a-exit.o) (_global_impure_ptr)
c:/program files (x86)/atmel/studio/7.0/toolchain/arm/arm-gnu-toolchain/bin/../lib/gcc/arm-none-eabi/6.3.1/../../../../arm-none-eabi/lib/thumb/v7e-m\libc.a(lib_a-init.o)
                              c:/program files (x86)/atmel/studio/7.0/toolchain/arm/arm-gnu-toolchain/bin/../lib/gcc/arm-none-eabi/6.3.1/../../../../arm-none-eabi/lib/thumb/v7e-m/crt0.o (__libc_init_array)
c:/program files (x86)/atmel/studio/7.0/toolchain/arm/arm-gnu-toolchain/bin/../lib/gcc/arm-none-eabi/6.3.1/../../../../arm-none-eabi/lib/thumb/v7e-m\libc.a(lib_a-memset.o)
                              c:/program files (x86)/atmel/studio/7.0/toolchain/arm/arm-gnu-toolchain/bin/../lib/gcc/arm-none-eabi/6.3.1/../../../../arm-none-eabi/lib/thumb/v7e-m/crt0.o (memset)
c:/program files (x86)/atmel/studio/7.0/toolchain/arm/arm-gnu-toolchain/bin/../lib/gcc/arm-none-eabi/6.3.1/../../../../arm-none-eabi/lib/thumb/v7e-m\libc.a(lib_a-sprintf.o)
                              src/main.o (sprintf)
c:/program files (x86)/atmel/studio/7.0/toolchain/arm/arm-gnu-toolchain/bin/../lib/gcc/arm-none-eabi/6.3.1/../../../../arm-none-eabi/lib/thumb/v7e-m\libc.a(lib_a-svfprintf.o)
                              c:/program files (x86)/atmel/studio/7.0/toolchain/arm/arm-gnu-toolchain/bin/../lib/gcc/arm-none-eabi/6.3.1/../../../../arm-none-eabi/lib/thumb/v7e-m\libc.a(lib_a-sprintf.o) (_svfprintf_r)
c:/program files (x86)/atmel/studio/7.0/toolchain/arm/arm-gnu-toolchain/bin/../lib/gcc/arm-none-eabi/6.3.1/../../../../arm-none-eabi/lib/thumb/v7e-m\libc.a(lib_a-__call_atexit.o)
                              c:/program files (x86)/atmel/studio/7.0/toolchain/arm/arm-gnu-toolchain/bin/../lib/gcc/arm-none-eabi/6.3.1/../../../../arm-none-eabi/lib/thumb/v7e-m\libc.a(lib_a-exit.o) (__call_exitprocs)
c:/program files (x86)/atmel/studio/7.0/toolchain/arm/arm-gnu-toolchain/bin/../lib/gcc/arm-none-eabi/6.3.1/../../../../arm-none-eabi/lib/thumb/v7e-m\libc.a(lib_a-atexit.o)
                              c:/program files (x86)/atmel/studio/7.0/toolchain/arm/arm-gnu-toolchain/bin/../lib/gcc/arm-none-eabi/6.3.1/../../../../arm-none-eabi/lib/thumb/v7e-m\libc.a(lib_a-__call_atexit.o) (atexit)
c:/program files (x86)/atmel/studio/7.0/toolchain/arm/arm-gnu-toolchain/bin/../lib/gcc/arm-none-eabi/6.3.1/../../../../arm-none-eabi/lib/thumb/v7e-m\libc.a(lib_a-dtoa.o)
                              c:/program files (x86)/atmel/studio/7.0/toolchain/arm/arm-gnu-toolchain/bin/../lib/gcc/arm-none-eabi/6.3.1/../../../../arm-none-eabi/lib/thumb/v7e-m\libc.a(lib_a-svfprintf.o) (_dtoa_r)
[...]
Memory Configuration

Name             Origin             Length             Attributes
rom              0x00400000         0x00200000         xr
ram              0x20400000         0x00060000         xrw
*default*        0x00000000         0xffffffff

Linker script and memory map

LOAD c:/program files (x86)/atmel/studio/7.0/toolchain/arm/arm-gnu-toolchain/bin/../lib/gcc/arm-none-eabi/6.3.1/thumb/v7e-m/crti.o
LOAD c:/program files (x86)/atmel/studio/7.0/toolchain/arm/arm-gnu-toolchain/bin/../lib/gcc/arm-none-eabi/6.3.1/thumb/v7e-m/crtbegin.o
LOAD c:/program files (x86)/atmel/studio/7.0/toolchain/arm/arm-gnu-toolchain/bin/../lib/gcc/arm-none-eabi/6.3.1/../../../../arm-none-eabi/lib/thumb/v7e-m/crt0.o
LOAD src/ASF/sam/drivers/rtc/rtc.o
LOAD src/ASF/sam/drivers/rtt/rtt.o
LOAD src/ASF/sam/drivers/spi/spi.o
LOAD src/ASF/sam/drivers/tc/tc.o
LOAD src/oled/gfx_mono_framebuffer.o
LOAD src/oled/gfx_mono_generic.o
LOAD src/oled/gfx_mono_text.o
LOAD src/oled/gfx_mono_ug_2832hsweg04.o
LOAD src/oled/ssd1306.o
LOAD src/oled/sysfont.o
LOAD src/ASF/common/services/delay/sam/cycle_counter.o
LOAD src/ASF/common/services/clock/same70/sysclk.o
LOAD src/ASF/common/utils/interrupt/interrupt_sam_nvic.o
LOAD src/ASF/sam/boards/same70_xplained/init.o
LOAD src/ASF/sam/drivers/mpu/mpu.o
LOAD src/ASF/sam/drivers/pio/pio.o
LOAD src/ASF/sam/drivers/pio/pio_handler.o
LOAD src/ASF/sam/drivers/pmc/pmc.o
LOAD src/ASF/sam/drivers/pmc/sleep.o
LOAD src/ASF/sam/utils/cmsis/same70/source/templates/gcc/startup_same70.o
LOAD src/ASF/sam/utils/cmsis/same70/source/templates/system_same70.o
LOAD src/ASF/sam/utils/syscalls/gcc/syscalls.o
LOAD src/main.o
START GROUP
LOAD ../src/ASF/thirdparty/CMSIS/Lib/GCC\libarm_cortexM7lfsp_math_softfp.a
LOAD c:/program files (x86)/atmel/studio/7.0/toolchain/arm/arm-gnu-toolchain/bin/../lib/gcc/arm-none-eabi/6.3.1/../../../../arm-none-eabi/lib/thumb/v7e-m\libm.a
END GROUP
START GROUP
LOAD c:/program files (x86)/atmel/studio/7.0/toolchain/arm/arm-gnu-toolchain/bin/../lib/gcc/arm-none-eabi/6.3.1/thumb/v7e-m\libgcc.a
LOAD c:/program files (x86)/atmel/studio/7.0/toolchain/arm/arm-gnu-toolchain/bin/../lib/gcc/arm-none-eabi/6.3.1/../../../../arm-none-eabi/lib/thumb/v7e-m\libc.a
END GROUP
LOAD c:/program files (x86)/atmel/studio/7.0/toolchain/arm/arm-gnu-toolchain/bin/../lib/gcc/arm-none-eabi/6.3.1/thumb/v7e-m/crtend.o
LOAD c:/program files (x86)/atmel/studio/7.0/toolchain/arm/arm-gnu-toolchain/bin/../lib/gcc/arm-none-eabi/6.3.1/thumb/v7e-m/crtn.o
                0x00002000                STACK_SIZE = DEFINED (STACK_SIZE)?STACK_SIZE:0x2000
                0x2045fffc                __ram_end__ = ((ORIGIN (ram) + LENGTH (ram)) - 0x4)
                0x00000200                HEAP_SIZE = DEFINED (HEAP_SIZE)?HEAP_SIZE:0x200

.text           0x00400000     0x90cc
                0x00400000                . = ALIGN (0x4)
                0x00400000                _sfixed = .
 *(.vectors .vectors.*)
 .vectors       0x00400000      0x140 src/ASF/sam/utils/cmsis/same70/source/templates/gcc/startup_same70.o
                0x00400000                exception_table
 *(.text .text.* .gnu.linkonce.t.*)
 .text          0x00400140       0x6c c:/program files (x86)/atmel/studio/7.0/toolchain/arm/arm-gnu-toolchain/bin/../lib/gcc/arm-none-eabi/6.3.1/thumb/v7e-m/crtbegin.o
 .text.rtc_get_status
                0x004001ac       0x18 src/ASF/sam/drivers/rtc/rtc.o
                0x004001ac                rtc_get_status
 .text.rtc_clear_status
                0x004001c4       0x1c src/ASF/sam/drivers/rtc/rtc.o
                0x004001c4                rtc_clear_status
 .text.rtt_init
                0x004001e0       0x30 src/ASF/sam/drivers/rtt/rtt.o
                0x004001e0                rtt_init
 .text.rtt_sel_source
                0x00400210       0x58 src/ASF/sam/drivers/rtt/rtt.o
                0x00400210                rtt_sel_source
 .text.rtt_enable_interrupt
                0x00400268       0x38 src/ASF/sam/drivers/rtt/rtt.o
                0x00400268                rtt_enable_interrupt
 .text.rtt_disable_interrupt
                0x004002a0       0x40 src/ASF/sam/drivers/rtt/rtt.o
                0x004002a0                rtt_disable_interrupt
 .text.rtt_read_timer_value
                0x004002e0       0x2e src/ASF/sam/drivers/rtt/rtt.o
                0x004002e0                rtt_read_timer_value
 .text.rtt_get_status
                0x0040030e       0x18 src/ASF/sam/drivers/rtt/rtt.o
                0x0040030e                rtt_get_status
 *fill*         0x00400326        0x2 
 .text.rtt_write_alarm_time
                0x00400328       0x5c src/ASF/sam/drivers/rtt/rtt.o
                0x00400328                rtt_write_alarm_time
 .text.spi_get_peripheral_select_mode
                0x00400384       0x26 src/ASF/sam/drivers/spi/spi.o
 *fill*         0x004003aa        0x2 
 .text.sysclk_enable_peripheral_clock
                0x004003ac       0x1c src/ASF/sam/drivers/spi/spi.o
 .text.spi_enable_clock
                0x004003c8       0x3c src/ASF/sam/drivers/spi/spi.o
                0x004003c8                spi_enable_clock
 .text.spi_set_peripheral_chip_select_value
                0x00400404       0x34 src/ASF/sam/drivers/spi/spi.o
                0x00400404                spi_set_peripheral_chip_select_value
 .text.spi_write
                0x00400438       0x80 src/ASF/sam/drivers/spi/spi.o
                0x00400438                spi_write
 .text.spi_set_clock_polarity
                0x004004b8       0x50 src/ASF/sam/drivers/spi/spi.o
                0x004004b8                spi_set_clock_polarity
 .text.spi_set_clock_phase
                0x00400508       0x50 src/ASF/sam/drivers/spi/spi.o
                0x00400508                spi_set_clock_phase
 .text.spi_configure_cs_behavior
                0x00400558       0xa6 src/ASF/sam/drivers/spi/spi.o
                0x00400558                spi_configure_cs_behavior
 .text.spi_set_bits_per_transfer
                0x004005fe       0x4a src/ASF/sam/drivers/spi/spi.o
                0x004005fe                spi_set_bits_per_transfer
 .text.spi_calc_baudrate_div
                0x00400648       0x3c src/ASF/sam/drivers/spi/spi.o
                0x00400648                spi_calc_baudrate_div
 .text.spi_set_baudrate_div
                0x00400684       0x5e src/ASF/sam/drivers/spi/spi.o
                0x00400684                spi_set_baudrate_div
 .text.tc_init  0x004006e2       0x3a src/ASF/sam/drivers/tc/tc.o
                0x004006e2                tc_init
 .text.tc_start
                0x0040071c       0x22 src/ASF/sam/drivers/tc/tc.o
                0x0040071c                tc_start
 .text.tc_stop  0x0040073e       0x22 src/ASF/sam/drivers/tc/tc.o
                0x0040073e                tc_stop
 .text.tc_write_rc
                0x00400760       0x26 src/ASF/sam/drivers/tc/tc.o
                0x00400760                tc_write_rc
 .text.tc_enable_interrupt
                0x00400786       0x28 src/ASF/sam/drivers/tc/tc.o
                0x00400786                tc_enable_interrupt
 .text.tc_get_status
                0x004007ae       0x24 src/ASF/sam/drivers/tc/tc.o
                0x004007ae                tc_get_status
 .text.tc_find_mck_divisor
                0x004007d2       0xa6 src/ASF/sam/drivers/tc/tc.o
                0x004007d2                tc_find_mck_divisor
 .text.gfx_mono_set_framebuffer
                0x00400878       0x20 src/oled/gfx_mono_framebuffer.o
                0x00400878                gfx_mono_set_framebuffer
 .text.gfx_mono_framebuffer_put_byte
                0x00400898       0x38 src/oled/gfx_mono_framebuffer.o
                0x00400898                gfx_mono_framebuffer_put_byte
 .text.gfx_mono_framebuffer_get_byte
                0x004008d0       0x34 src/oled/gfx_mono_framebuffer.o
                0x004008d0                gfx_mono_framebuffer_get_byte
 .text.gfx_mono_generic_draw_horizontal_line
                0x00400904      0x130 src/oled/gfx_mono_generic.o
                0x00400904                gfx_mono_generic_draw_horizontal_line
 .text.gfx_mono_generic_draw_filled_rect
                0x00400a34       0x50 src/oled/gfx_mono_generic.o
                0x00400a34                gfx_mono_generic_draw_filled_rect
 .text.gfx_mono_draw_char_progmem
                0x00400a84       0xe0 src/oled/gfx_mono_text.o
 .text.gfx_mono_draw_char
                0x00400b64       0x54 src/oled/gfx_mono_text.o
                0x00400b64                gfx_mono_draw_char
 .text.gfx_mono_draw_string
                0x00400bb8       0x6c src/oled/gfx_mono_text.o
                0x00400bb8                gfx_mono_draw_string
 .text.ssd1306_set_page_address
                0x00400c24       0x2c src/oled/gfx_mono_ug_2832hsweg04.o
 .text.ssd1306_set_column_address
                0x00400c50       0x40 src/oled/gfx_mono_ug_2832hsweg04.o
 .text.ssd1306_set_display_start_line_address
                0x00400c90       0x2c src/oled/gfx_mono_ug_2832hsweg04.o
 .text.gfx_mono_ssd1306_init
                0x00400cbc       0x64 src/oled/gfx_mono_ug_2832hsweg04.o
                0x00400cbc                gfx_mono_ssd1306_init
 .text.gfx_mono_ssd1306_draw_pixel
                0x00400d20       0x9c src/oled/gfx_mono_ug_2832hsweg04.o
                0x00400d20                gfx_mono_ssd1306_draw_pixel
 .text.gfx_mono_ssd1306_put_byte
                0x00400dbc       0x84 src/oled/gfx_mono_ug_2832hsweg04.o
                0x00400dbc                gfx_mono_ssd1306_put_byte
 .text.gfx_mono_ssd1306_get_byte
                0x00400e40       0x2c src/oled/gfx_mono_ug_2832hsweg04.o
                0x00400e40                gfx_mono_ssd1306_get_byte
 .text.osc_get_rate
                0x00400e6c       0x74 src/oled/ssd1306.o
 .text.sysclk_get_main_hz
                0x00400ee0       0x20 src/oled/ssd1306.o
 .text.sysclk_get_cpu_hz
                0x00400f00       0x14 src/oled/ssd1306.o
 .text.sysclk_get_peripheral_hz
                0x00400f14       0x14 src/oled/ssd1306.o
 .text.ioport_enable_pin
                0x00400f28       0x4c src/oled/ssd1306.o
 .text.ioport_set_pin_mode
                0x00400f74      0x11c src/oled/ssd1306.o
 .text.ioport_set_pin_dir
                0x00401090       0x88 src/oled/ssd1306.o
 .text.ioport_set_pin_level
                0x00401118       0x6c src/oled/ssd1306.o
 .text.spi_reset
                0x00401184       0x1a src/oled/ssd1306.o
 .text.spi_enable
                0x0040119e       0x1a src/oled/ssd1306.o
 .text.spi_disable
                0x004011b8       0x1a src/oled/ssd1306.o
 .text.spi_set_master_mode
                0x004011d2       0x20 src/oled/ssd1306.o
 .text.spi_set_fixed_peripheral_select
                0x004011f2       0x20 src/oled/ssd1306.o
 .text.spi_disable_mode_fault_detect
                0x00401212       0x20 src/oled/ssd1306.o
 .text.spi_disable_loopback
                0x00401232       0x20 src/oled/ssd1306.o
 *fill*         0x00401252        0x2 
 .text.ssd1306_hard_reset
                0x00401254       0x54 src/oled/ssd1306.o
 .text.ssd1306_display_on
                0x004012a8       0x14 src/oled/ssd1306.o
 .text.ssd1306_set_contrast
                0x004012bc       0x28 src/oled/ssd1306.o
 .text.ssd1306_display_invert_disable
                0x004012e4       0x14 src/oled/ssd1306.o
 .text.ssd1306_interface_init
                0x004012f8      0x180 src/oled/ssd1306.o
 .text.ssd1306_init
                0x00401478       0xb0 src/oled/ssd1306.o
                0x00401478                ssd1306_init
 .text.ssd1306_write_command
                0x00401528       0xa4 src/oled/ssd1306.o
                0x00401528                ssd1306_write_command
 .text.ssd1306_write_data
                0x004015cc       0xa4 src/oled/ssd1306.o
                0x004015cc                ssd1306_write_data
 .text.osc_enable
                0x00401670       0x88 src/ASF/common/services/clock/same70/sysclk.o
 .text.osc_is_ready
                0x004016f8       0x70 src/ASF/common/services/clock/same70/sysclk.o
 .text.osc_get_rate
                0x00401768       0x74 src/ASF/common/services/clock/same70/sysclk.o
 .text.osc_wait_ready
                0x004017dc       0x2c src/ASF/common/services/clock/same70/sysclk.o
 .text.pll_config_init
                0x00401808       0x6c src/ASF/common/services/clock/same70/sysclk.o
 .text.pll_enable
                0x00401874       0x40 src/ASF/common/services/clock/same70/sysclk.o
 .text.pll_is_locked
                0x004018b4       0x2c src/ASF/common/services/clock/same70/sysclk.o
 .text.pll_enable_source
                0x004018e0       0x38 src/ASF/common/services/clock/same70/sysclk.o
 .text.pll_wait_for_lock
                0x00401918       0x24 src/ASF/common/services/clock/same70/sysclk.o
 .text.sysclk_get_main_hz
                0x0040193c       0x20 src/ASF/common/services/clock/same70/sysclk.o
 .text.sysclk_get_cpu_hz
                0x0040195c       0x14 src/ASF/common/services/clock/same70/sysclk.o
 .text.sysclk_init
                0x00401970       0x7c src/ASF/common/services/clock/same70/sysclk.o
                0x00401970                sysclk_init
 .text.SCB_EnableICache
                0x004019ec       0x38 src/ASF/sam/boards/same70_xplained/init.o
 .text.SCB_EnableDCache
                0x00401a24       0xa4 src/ASF/sam/boards/same70_xplained/init.o
 .text.sysclk_enable_peripheral_clock
                0x00401ac8       0x1c src/ASF/sam/boards/same70_xplained/init.o
 .text.ioport_init
                0x00401ae4       0x2c src/ASF/sam/boards/same70_xplained/init.o
 .text.ioport_set_pin_mode
                0x00401b10      0x11c src/ASF/sam/boards/same70_xplained/init.o
 .text.ioport_set_pin_dir
                0x00401c2c       0x88 src/ASF/sam/boards/same70_xplained/init.o
 .text.ioport_set_pin_level
                0x00401cb4       0x6c src/ASF/sam/boards/same70_xplained/init.o
 .text.ioport_set_pin_sense_mode
                0x00401d20       0xd0 src/ASF/sam/boards/same70_xplained/init.o
 .text.tcm_disable
                0x00401df0       0x44 src/ASF/sam/boards/same70_xplained/init.o
 .text.board_init
                0x00401e34       0x84 src/ASF/sam/boards/same70_xplained/init.o
                0x00401e34                board_init
 .text.pio_pull_up
                0x00401eb8       0x2c src/ASF/sam/drivers/pio/pio.o
                0x00401eb8                pio_pull_up
 .text.pio_set_debounce_filter
                0x00401ee4       0x38 src/ASF/sam/drivers/pio/pio.o
                0x00401ee4                pio_set_debounce_filter
 .text.pio_set  0x00401f1c       0x1c src/ASF/sam/drivers/pio/pio.o
                0x00401f1c                pio_set
 .text.pio_clear
                0x00401f38       0x1c src/ASF/sam/drivers/pio/pio.o
                0x00401f38                pio_clear
 .text.pio_get  0x00401f54       0x46 src/ASF/sam/drivers/pio/pio.o
                0x00401f54                pio_get
 .text.pio_set_peripheral
                0x00401f9a      0x110 src/ASF/sam/drivers/pio/pio.o
                0x00401f9a                pio_set_peripheral
 *fill*         0x004020aa        0x2 
 .text.pio_set_input
                0x004020ac       0x80 src/ASF/sam/drivers/pio/pio.o
                0x004020ac                pio_set_input
 .text.pio_set_output
                0x0040212c       0x64 src/ASF/sam/drivers/pio/pio.o
                0x0040212c                pio_set_output
 .text.pio_configure
                0x00402190       0xcc src/ASF/sam/drivers/pio/pio.o
                0x00402190                pio_configure
 .text.pio_configure_interrupt
                0x0040225c       0x6c src/ASF/sam/drivers/pio/pio.o
                0x0040225c                pio_configure_interrupt
 .text.pio_enable_interrupt
                0x004022c8       0x1c src/ASF/sam/drivers/pio/pio.o
                0x004022c8                pio_enable_interrupt
 .text.pio_disable_interrupt
                0x004022e4       0x1c src/ASF/sam/drivers/pio/pio.o
                0x004022e4                pio_disable_interrupt
 .text.pio_get_interrupt_status
                0x00402300       0x18 src/ASF/sam/drivers/pio/pio.o
                0x00402300                pio_get_interrupt_status
 .text.pio_get_interrupt_mask
                0x00402318       0x18 src/ASF/sam/drivers/pio/pio.o
                0x00402318                pio_get_interrupt_mask
 .text.pio_handler_process
                0x00402330       0xb4 src/ASF/sam/drivers/pio/pio_handler.o
                0x00402330                pio_handler_process
 .text.pio_handler_set
                0x004023e4       0xa0 src/ASF/sam/drivers/pio/pio_handler.o
                0x004023e4                pio_handler_set
 .text.PIOA_Handler
                0x00402484       0x18 src/ASF/sam/drivers/pio/pio_handler.o
                0x00402484                PIOA_Handler
 .text.PIOB_Handler
                0x0040249c       0x18 src/ASF/sam/drivers/pio/pio_handler.o
                0x0040249c                PIOB_Handler
 .text.PIOC_Handler
                0x004024b4       0x18 src/ASF/sam/drivers/pio/pio_handler.o
                0x004024b4                PIOC_Handler
 .text.PIOD_Handler
                0x004024cc       0x18 src/ASF/sam/drivers/pio/pio_handler.o
                0x004024cc                PIOD_Handler
 .text.PIOE_Handler
                0x004024e4       0x18 src/ASF/sam/drivers/pio/pio_handler.o
                0x004024e4                PIOE_Handler
 .text.pmc_mck_set_division
                0x004024fc       0x7c src/ASF/sam/drivers/pmc/pmc.o
                0x004024fc                pmc_mck_set_division
 .text.pmc_switch_mck_to_pllack
                0x00402578       0x84 src/ASF/sam/drivers/pmc/pmc.o
                0x00402578                pmc_switch_mck_to_pllack
 .text.pmc_switch_sclk_to_32kxtal
                0x004025fc       0x38 src/ASF/sam/drivers/pmc/pmc.o
                0x004025fc                pmc_switch_sclk_to_32kxtal
 .text.pmc_osc_is_ready_32kxtal
                0x00402634       0x34 src/ASF/sam/drivers/pmc/pmc.o
                0x00402634                pmc_osc_is_ready_32kxtal
 .text.pmc_switch_mainck_to_fastrc
                0x00402668       0x70 src/ASF/sam/drivers/pmc/pmc.o
                0x00402668                pmc_switch_mainck_to_fastrc
 .text.pmc_switch_mainck_to_xtal
                0x004026d8       0x78 src/ASF/sam/drivers/pmc/pmc.o
                0x004026d8                pmc_switch_mainck_to_xtal
 .text.pmc_osc_is_ready_mainck
                0x00402750       0x1c src/ASF/sam/drivers/pmc/pmc.o
                0x00402750                pmc_osc_is_ready_mainck
 .text.pmc_disable_pllack
                0x0040276c       0x1c src/ASF/sam/drivers/pmc/pmc.o
                0x0040276c                pmc_disable_pllack
 .text.pmc_is_locked_pllack
                0x00402788       0x1c src/ASF/sam/drivers/pmc/pmc.o
                0x00402788                pmc_is_locked_pllack
 .text.pmc_is_locked_upll
                0x004027a4       0x1c src/ASF/sam/drivers/pmc/pmc.o
                0x004027a4                pmc_is_locked_upll
 .text.pmc_enable_periph_clk
                0x004027c0       0x84 src/ASF/sam/drivers/pmc/pmc.o
                0x004027c0                pmc_enable_periph_clk
 .text.pmc_set_flash_in_wait_mode
                0x00402844       0x20 src/ASF/sam/drivers/pmc/pmc.o
                0x00402844                pmc_set_flash_in_wait_mode
 .text.pmc_enable_waitmode
                0x00402864       0x90 src/ASF/sam/drivers/pmc/pmc.o
                0x00402864                pmc_enable_waitmode
 .text.pmc_sleep
                0x004028f4      0x398 src/ASF/sam/drivers/pmc/sleep.o
                0x004028f4                pmc_sleep
 .text.cpu_irq_save
                0x00402c8c       0x38 src/ASF/sam/utils/cmsis/same70/source/templates/gcc/startup_same70.o
 .text.cpu_irq_is_enabled_flags
                0x00402cc4       0x20 src/ASF/sam/utils/cmsis/same70/source/templates/gcc/startup_same70.o
 .text.cpu_irq_restore
                0x00402ce4       0x30 src/ASF/sam/utils/cmsis/same70/source/templates/gcc/startup_same70.o
 .text.Reset_Handler
                0x00402d14       0xb0 src/ASF/sam/utils/cmsis/same70/source/templates/gcc/startup_same70.o
                0x00402d14                Reset_Handler
 .text.Dummy_Handler
                0x00402dc4        0x6 src/ASF/sam/utils/cmsis/same70/source/templates/gcc/startup_same70.o
                0x00402dc4                DACC_Handler
                0x00402dc4                DebugMon_Handler
                0x00402dc4                UART3_Handler
                0x00402dc4                UART2_Handler
                0x00402dc4                TRNG_Handler
                0x00402dc4                HardFault_Handler
                0x00402dc4                TC2_Handler
                0x00402dc4                SysTick_Handler
                0x00402dc4                AFEC1_Handler
                0x00402dc4                PendSV_Handler
                0x00402dc4                NMI_Handler
                0x00402dc4                TC7_Handler
                0x00402dc4                QSPI_Handler
                0x00402dc4                ISI_Handler
                0x00402dc4                TC9_Handler
                0x00402dc4                RSWDT_Handler
                0x00402dc4                MCAN1_Handler
                0x00402dc4                USART0_Handler
                0x00402dc4                USBHS_Handler
                0x00402dc4                UsageFault_Handler
                0x00402dc4                TC6_Handler
                0x00402dc4                WDT_Handler
                0x00402dc4                TC4_Handler
                0x00402dc4                HSMCI_Handler
                0x00402dc4                UART1_Handler
                0x00402dc4                TC3_Handler
                0x00402dc4                Dummy_Handler
                0x00402dc4                TWIHS1_Handler
                0x00402dc4                XDMAC_Handler
                0x00402dc4                UART4_Handler
                0x00402dc4                PWM1_Handler
                0x00402dc4                USART1_Handler
                0x00402dc4                PWM0_Handler
                0x00402dc4                AFEC0_Handler
                0x00402dc4                TC11_Handler
                0x00402dc4                SSC_Handler
                0x00402dc4                ACC_Handler
                0x00402dc4                PMC_Handler
                0x00402dc4                GMAC_Handler
                0x00402dc4                MemManage_Handler
                0x00402dc4                SUPC_Handler
                0x00402dc4                SVC_Handler
                0x00402dc4                TC8_Handler
                0x00402dc4                EFC_Handler
                0x00402dc4                USART2_Handler
                0x00402dc4                SDRAMC_Handler
                0x00402dc4                SPI1_Handler
                0x00402dc4                MCAN0_Handler
                0x00402dc4                TC10_Handler
                0x00402dc4                TWIHS2_Handler
                0x00402dc4                UART0_Handler
                0x00402dc4                BusFault_Handler
                0x00402dc4                RSTC_Handler
                0x00402dc4                TC0_Handler
                0x00402dc4                TC5_Handler
                0x00402dc4                AES_Handler
                0x00402dc4                ICM_Handler
                0x00402dc4                TWIHS0_Handler
                0x00402dc4                SPI0_Handler
 *fill*         0x00402dca        0x2 
 .text.SystemCoreClockUpdate
                0x00402dcc      0x168 src/ASF/sam/utils/cmsis/same70/source/templates/system_same70.o
                0x00402dcc                SystemCoreClockUpdate
 .text.system_init_flash
                0x00402f34       0xb0 src/ASF/sam/utils/cmsis/same70/source/templates/system_same70.o
                0x00402f34                system_init_flash
 .text._sbrk    0x00402fe4       0x58 src/ASF/sam/utils/syscalls/gcc/syscalls.o
                0x00402fe4                _sbrk
 .text.NVIC_EnableIRQ
                0x0040303c       0x34 src/main.o
 .text.NVIC_DisableIRQ
                0x00403070       0x34 src/main.o
 .text.NVIC_ClearPendingIRQ
                0x004030a4       0x34 src/main.o
 .text.NVIC_SetPriority
                0x004030d8       0x54 src/main.o
 .text.osc_get_rate
                0x0040312c       0x74 src/main.o
 .text.sysclk_get_main_hz
                0x004031a0       0x20 src/main.o
 .text.sysclk_get_cpu_hz
                0x004031c0       0x14 src/main.o
 .text.TC1_Handler
                0x004031d4       0x30 src/main.o
                0x004031d4                TC1_Handler
 .text.RTC_Handler
                0x00403204       0x68 src/main.o
                0x00403204                RTC_Handler
 .text.RTT_Handler
                0x0040326c       0x20 src/main.o
                0x0040326c                RTT_Handler
 .text.trig_callback
                0x0040328c       0x24 src/main.o
                0x0040328c                trig_callback
 .text.echo_callback
                0x004032b0       0x5c src/main.o
                0x004032b0                echo_callback
 .text.TC_init  0x0040330c       0xa4 src/main.o
                0x0040330c                TC_init
 .text.RTT_init
                0x004033b0       0xd8 src/main.o
 .text.io_init  0x00403488      0x170 src/main.o
                0x00403488                io_init
 .text.calculate_graphic
                0x004035f8       0x50 src/main.o
                0x004035f8                calculate_graphic
 .text.draw_graphic
                0x00403648       0x90 src/main.o
                0x00403648                draw_graphic
 .text.main     0x004036d8      0x314 src/main.o
                0x004036d8                main
 .text          0x004039ec      0x370 c:/program files (x86)/atmel/studio/7.0/toolchain/arm/arm-gnu-toolchain/bin/../lib/gcc/arm-none-eabi/6.3.1/thumb/v7e-m\libgcc.a(_arm_addsubdf3.o)
                0x004039ec                __aeabi_drsub
                0x004039f4                __aeabi_dsub
                0x004039f4                __subdf3
                0x004039f8                __aeabi_dadd
                0x004039f8                __adddf3
                0x00403c70                __floatunsidf
                0x00403c70                __aeabi_ui2d
                0x00403c90                __floatsidf
                0x00403c90                __aeabi_i2d
                0x00403cb4                __aeabi_f2d
                0x00403cb4                __extendsfdf2
                0x00403cf0                __floatundidf
                0x00403cf0                __aeabi_ul2d
                0x00403d00                __floatdidf
                0x00403d00                __aeabi_l2d
 .text          0x00403d5c      0x424 c:/program files (x86)/atmel/studio/7.0/toolchain/arm/arm-gnu-toolchain/bin/../lib/gcc/arm-none-eabi/6.3.1/thumb/v7e-m\libgcc.a(_arm_muldivdf3.o)
                0x00403d5c                __aeabi_dmul
                0x00403d5c                __muldf3
                0x00403fb0                __divdf3
                0x00403fb0                __aeabi_ddiv
 .text          0x00404180       0xa0 c:/program files (x86)/atmel/studio/7.0/toolchain/arm/arm-gnu-toolchain/bin/../lib/gcc/arm-none-eabi/6.3.1/thumb/v7e-m\libgcc.a(_arm_truncdfsf2.o)
                0x00404180                __truncdfsf2
                0x00404180                __aeabi_d2f
 .text          0x00404220       0x30 c:/program files (x86)/atmel/studio/7.0/toolchain/arm/arm-gnu-toolchain/bin/../lib/gcc/arm-none-eabi/6.3.1/thumb/v7e-m\libgcc.a(_aeabi_uldivmod.o)
                0x00404220                __aeabi_uldivmod
 .text          0x00404250      0x2dc c:/program files (x86)/atmel/studio/7.0/toolchain/arm/arm-gnu-toolchain/bin/../lib/gcc/arm-none-eabi/6.3.1/thumb/v7e-m\libgcc.a(_udivmoddi4.o)
                0x00404250                __udivmoddi4
 .text          0x0040452c        0x4 c:/program files (x86)/atmel/studio/7.0/toolchain/arm/arm-gnu-toolchain/bin/../lib/gcc/arm-none-eabi/6.3.1/thumb/v7e-m\libgcc.a(_dvmd_tls.o)
                0x0040452c                __aeabi_idiv0
                0x0040452c                __aeabi_ldiv0
 .text.__libc_init_array
                0x00404530       0x50 c:/program files (x86)/atmel/studio/7.0/toolchain/arm/arm-gnu-toolchain/bin/../lib/gcc/arm-none-eabi/6.3.1/../../../../arm-none-eabi/lib/thumb/v7e-m\libc.a(lib_a-init.o)
                0x00404530                __libc_init_array
 .text.memset   0x00404580       0x9c c:/program files (x86)/atmel/studio/7.0/toolchain/arm/arm-gnu-toolchain/bin/../lib/gcc/arm-none-eabi/6.3.1/../../../../arm-none-eabi/lib/thumb/v7e-m\libc.a(lib_a-memset.o)
                0x00404580                memset
 .text.sprintf  0x0040461c       0x4c c:/program files (x86)/atmel/studio/7.0/toolchain/arm/arm-gnu-toolchain/bin/../lib/gcc/arm-none-eabi/6.3.1/../../../../arm-none-eabi/lib/thumb/v7e-m\libc.a(lib_a-sprintf.o)
                0x0040461c                sprintf
 .text._svfprintf_r
                0x00404668     0x145c c:/program files (x86)/atmel/studio/7.0/toolchain/arm/arm-gnu-toolchain/bin/../lib/gcc/arm-none-eabi/6.3.1/../../../../arm-none-eabi/lib/thumb/v7e-m\libc.a(lib_a-svfprintf.o)
                0x00404668                _svfprintf_r
 .text.startup.register_fini
                0x00405ac4       0x14 c:/program files (x86)/atmel/studio/7.0/toolchain/arm/arm-gnu-toolchain/bin/../lib/gcc/arm-none-eabi/6.3.1/../../../../arm-none-eabi/lib/thumb/v7e-m\libc.a(lib_a-__call_atexit.o)
 .text.atexit   0x00405ad8        0xc c:/program files (x86)/atmel/studio/7.0/toolchain/arm/arm-gnu-toolchain/bin/../lib/gcc/arm-none-eabi/6.3.1/../../../../arm-none-eabi/lib/thumb/v7e-m\libc.a(lib_a-atexit.o)
                0x00405ad8                atexit
 .text.quorem   0x00405ae4      0x128 c:/program files (x86)/atmel/studio/7.0/toolchain/arm/arm-gnu-toolchain/bin/../lib/gcc/arm-none-eabi/6.3.1/../../../../arm-none-eabi/lib/thumb/v7e-m\libc.a(lib_a-dtoa.o)
 *fill*         0x00405c0c        0x4 
 .text._dtoa_r  0x00405c10      0xe54 c:/program files (x86)/atmel/studio/7.0/toolchain/arm/arm-gnu-toolchain/bin/../lib/gcc/arm-none-eabi/6.3.1/../../../../arm-none-eabi/lib/thumb/v7e-m\libc.a(lib_a-dtoa.o)
                0x00405c10                _dtoa_r
 .text.__libc_fini_array
                0x00406a64       0x34 c:/program files (x86)/atmel/studio/7.0/toolchain/arm/arm-gnu-toolchain/bin/../lib/gcc/arm-none-eabi/6.3.1/../../../../arm-none-eabi/lib/thumb/v7e-m\libc.a(lib_a-fini.o)
                0x00406a64                __libc_fini_array
 .text._localeconv_r
                0x00406a98       0x1c c:/program files (x86)/atmel/studio/7.0/toolchain/arm/arm-gnu-toolchain/bin/../lib/gcc/arm-none-eabi/6.3.1/../../../../arm-none-eabi/lib/thumb/v7e-m\libc.a(lib_a-localeconv.o)
                0x00406a98                _localeconv_r
 .text.__retarget_lock_acquire_recursive
                0x00406ab4        0x4 c:/program files (x86)/atmel/studio/7.0/toolchain/arm/arm-gnu-toolchain/bin/../lib/gcc/arm-none-eabi/6.3.1/../../../../arm-none-eabi/lib/thumb/v7e-m\libc.a(lib_a-lock.o)
                0x00406ab4                __retarget_lock_acquire_recursive
 .text.__retarget_lock_release_recursive
                0x00406ab8        0x4 c:/program files (x86)/atmel/studio/7.0/toolchain/arm/arm-gnu-toolchain/bin/../lib/gcc/arm-none-eabi/6.3.1/../../../../arm-none-eabi/lib/thumb/v7e-m\libc.a(lib_a-lock.o)
                0x00406ab8                __retarget_lock_release_recursive
 .text._malloc_r
                0x00406abc      0x560 c:/program files (x86)/atmel/studio/7.0/toolchain/arm/arm-gnu-toolchain/bin/../lib/gcc/arm-none-eabi/6.3.1/../../../../arm-none-eabi/lib/thumb/v7e-m\libc.a(lib_a-mallocr.o)
                0x00406abc                _malloc_r
 *fill*         0x0040701c        0x4 
 .text          0x00407020       0xa0 c:/program files (x86)/atmel/studio/7.0/toolchain/arm/arm-gnu-toolchain/bin/../lib/gcc/arm-none-eabi/6.3.1/../../../../arm-none-eabi/lib/thumb/v7e-m\libc.a(lib_a-memchr.o)
                0x00407020                memchr
 .text          0x004070c0      0x134 c:/program files (x86)/atmel/studio/7.0/toolchain/arm/arm-gnu-toolchain/bin/../lib/gcc/arm-none-eabi/6.3.1/../../../../arm-none-eabi/lib/thumb/v7e-m\libc.a(lib_a-memcpy.o)
                0x004070c0                memcpy
 .text.__malloc_lock
                0x004071f4        0xc c:/program files (x86)/atmel/studio/7.0/toolchain/arm/arm-gnu-toolchain/bin/../lib/gcc/arm-none-eabi/6.3.1/../../../../arm-none-eabi/lib/thumb/v7e-m\libc.a(lib_a-mlock.o)
                0x004071f4                __malloc_lock
 .text.__malloc_unlock
                0x00407200        0xc c:/program files (x86)/atmel/studio/7.0/toolchain/arm/arm-gnu-toolchain/bin/../lib/gcc/arm-none-eabi/6.3.1/../../../../arm-none-eabi/lib/thumb/v7e-m\libc.a(lib_a-mlock.o)
                0x00407200                __malloc_unlock
 .text._Balloc  0x0040720c       0x4c c:/program files (x86)/atmel/studio/7.0/toolchain/arm/arm-gnu-toolchain/bin/../lib/gcc/arm-none-eabi/6.3.1/../../../../arm-none-eabi/lib/thumb/v7e-m\libc.a(lib_a-mprec.o)
                0x0040720c                _Balloc
 .text._Bfree   0x00407258       0x14 c:/program files (x86)/atmel/studio/7.0/toolchain/arm/arm-gnu-toolchain/bin/../lib/gcc/arm-none-eabi/6.3.1/../../../../arm-none-eabi/lib/thumb/v7e-m\libc.a(lib_a-mprec.o)
                0x00407258                _Bfree
 .text.__multadd
                0x0040726c       0x80 c:/program files (x86)/atmel/studio/7.0/toolchain/arm/arm-gnu-toolchain/bin/../lib/gcc/arm-none-eabi/6.3.1/../../../../arm-none-eabi/lib/thumb/v7e-m\libc.a(lib_a-mprec.o)
                0x0040726c                __multadd
 .text.__hi0bits
                0x004072ec       0x40 c:/program files (x86)/atmel/studio/7.0/toolchain/arm/arm-gnu-toolchain/bin/../lib/gcc/arm-none-eabi/6.3.1/../../../../arm-none-eabi/lib/thumb/v7e-m\libc.a(lib_a-mprec.o)
                0x004072ec                __hi0bits
 .text.__lo0bits
                0x0040732c       0x60 c:/program files (x86)/atmel/studio/7.0/toolchain/arm/arm-gnu-toolchain/bin/../lib/gcc/arm-none-eabi/6.3.1/../../../../arm-none-eabi/lib/thumb/v7e-m\libc.a(lib_a-mprec.o)
                0x0040732c                __lo0bits
 .text.__i2b    0x0040738c       0x14 c:/program files (x86)/atmel/studio/7.0/toolchain/arm/arm-gnu-toolchain/bin/../lib/gcc/arm-none-eabi/6.3.1/../../../../arm-none-eabi/lib/thumb/v7e-m\libc.a(lib_a-mprec.o)
                0x0040738c                __i2b
 .text.__multiply
                0x004073a0      0x124 c:/program files (x86)/atmel/studio/7.0/toolchain/arm/arm-gnu-toolchain/bin/../lib/gcc/arm-none-eabi/6.3.1/../../../../arm-none-eabi/lib/thumb/v7e-m\libc.a(lib_a-mprec.o)
                0x004073a0                __multiply
 .text.__pow5mult
                0x004074c4       0xa0 c:/program files (x86)/atmel/studio/7.0/toolchain/arm/arm-gnu-toolchain/bin/../lib/gcc/arm-none-eabi/6.3.1/../../../../arm-none-eabi/lib/thumb/v7e-m\libc.a(lib_a-mprec.o)
                0x004074c4                __pow5mult
 .text.__lshift
                0x00407564       0xa4 c:/program files (x86)/atmel/studio/7.0/toolchain/arm/arm-gnu-toolchain/bin/../lib/gcc/arm-none-eabi/6.3.1/../../../../arm-none-eabi/lib/thumb/v7e-m\libc.a(lib_a-mprec.o)
                0x00407564                __lshift
 .text.__mcmp   0x00407608       0x38 c:/program files (x86)/atmel/studio/7.0/toolchain/arm/arm-gnu-toolchain/bin/../lib/gcc/arm-none-eabi/6.3.1/../../../../arm-none-eabi/lib/thumb/v7e-m\libc.a(lib_a-mprec.o)
                0x00407608                __mcmp
 .text.__mdiff  0x00407640      0x108 c:/program files (x86)/atmel/studio/7.0/toolchain/arm/arm-gnu-toolchain/bin/../lib/gcc/arm-none-eabi/6.3.1/../../../../arm-none-eabi/lib/thumb/v7e-m\libc.a(lib_a-mprec.o)
                0x00407640                __mdiff
 .text.__d2b    0x00407748       0xb8 c:/program files (x86)/atmel/studio/7.0/toolchain/arm/arm-gnu-toolchain/bin/../lib/gcc/arm-none-eabi/6.3.1/../../../../arm-none-eabi/lib/thumb/v7e-m\libc.a(lib_a-mprec.o)
                0x00407748                __d2b
 .text._sbrk_r  0x00407800       0x24 c:/program files (x86)/atmel/studio/7.0/toolchain/arm/arm-gnu-toolchain/bin/../lib/gcc/arm-none-eabi/6.3.1/../../../../arm-none-eabi/lib/thumb/v7e-m\libc.a(lib_a-sbrkr.o)
                0x00407800                _sbrk_r
 *fill*         0x00407824       0x1c 
 .text          0x00407840       0xdc c:/program files (x86)/atmel/studio/7.0/toolchain/arm/arm-gnu-toolchain/bin/../lib/gcc/arm-none-eabi/6.3.1/../../../../arm-none-eabi/lib/thumb/v7e-m\libc.a(lib_a-strlen.o)
                0x00407840                strlen
 .text.__ssprint_r
                0x0040791c       0xfc c:/program files (x86)/atmel/studio/7.0/toolchain/arm/arm-gnu-toolchain/bin/../lib/gcc/arm-none-eabi/6.3.1/../../../../arm-none-eabi/lib/thumb/v7e-m\libc.a(lib_a-svfiprintf.o)
                0x0040791c                __ssprint_r
 .text.__register_exitproc
                0x00407a18       0xc4 c:/program files (x86)/atmel/studio/7.0/toolchain/arm/arm-gnu-toolchain/bin/../lib/gcc/arm-none-eabi/6.3.1/../../../../arm-none-eabi/lib/thumb/v7e-m\libc.a(lib_a-__atexit.o)
                0x00407a18                __register_exitproc
 .text._calloc_r
                0x00407adc       0x60 c:/program files (x86)/atmel/studio/7.0/toolchain/arm/arm-gnu-toolchain/bin/../lib/gcc/arm-none-eabi/6.3.1/../../../../arm-none-eabi/lib/thumb/v7e-m\libc.a(lib_a-callocr.o)
                0x00407adc                _calloc_r
 .text._malloc_trim_r
                0x00407b3c       0xa0 c:/program files (x86)/atmel/studio/7.0/toolchain/arm/arm-gnu-toolchain/bin/../lib/gcc/arm-none-eabi/6.3.1/../../../../arm-none-eabi/lib/thumb/v7e-m\libc.a(lib_a-freer.o)
                0x00407b3c                _malloc_trim_r
 .text._free_r  0x00407bdc      0x1cc c:/program files (x86)/atmel/studio/7.0/toolchain/arm/arm-gnu-toolchain/bin/../lib/gcc/arm-none-eabi/6.3.1/../../../../arm-none-eabi/lib/thumb/v7e-m\libc.a(lib_a-freer.o)
                0x00407bdc                _free_r
 .text.__ascii_mbtowc
                0x00407da8       0x2c c:/program files (x86)/atmel/studio/7.0/toolchain/arm/arm-gnu-toolchain/bin/../lib/gcc/arm-none-eabi/6.3.1/../../../../arm-none-eabi/lib/thumb/v7e-m\libc.a(lib_a-mbtowc_r.o)
                0x00407da8                __ascii_mbtowc
 .text.memmove  0x00407dd4       0xc8 c:/program files (x86)/atmel/studio/7.0/toolchain/arm/arm-gnu-toolchain/bin/../lib/gcc/arm-none-eabi/6.3.1/../../../../arm-none-eabi/lib/thumb/v7e-m\libc.a(lib_a-memmove.o)
                0x00407dd4                memmove
 .text._realloc_r
                0x00407e9c      0x34c c:/program files (x86)/atmel/studio/7.0/toolchain/arm/arm-gnu-toolchain/bin/../lib/gcc/arm-none-eabi/6.3.1/../../../../arm-none-eabi/lib/thumb/v7e-m\libc.a(lib_a-reallocr.o)
                0x00407e9c                _realloc_r
 .text.__ascii_wctomb
                0x004081e8       0x1c c:/program files (x86)/atmel/studio/7.0/toolchain/arm/arm-gnu-toolchain/bin/../lib/gcc/arm-none-eabi/6.3.1/../../../../arm-none-eabi/lib/thumb/v7e-m\libc.a(lib_a-wctomb_r.o)
                0x004081e8                __ascii_wctomb
 .text          0x00408204      0x110 c:/program files (x86)/atmel/studio/7.0/toolchain/arm/arm-gnu-toolchain/bin/../lib/gcc/arm-none-eabi/6.3.1/thumb/v7e-m\libgcc.a(_arm_cmpdf2.o)
                0x00408204                __gtdf2
                0x00408204                __gedf2
                0x0040820c                __ltdf2
                0x0040820c                __ledf2
                0x00408214                __nedf2
                0x00408214                __eqdf2
                0x00408214                __cmpdf2
                0x00408290                __aeabi_cdrcmple
                0x004082a0                __aeabi_cdcmpeq
                0x004082a0                __aeabi_cdcmple
                0x004082b0                __aeabi_dcmpeq
                0x004082c4                __aeabi_dcmplt
                0x004082d8                __aeabi_dcmple
                0x004082ec                __aeabi_dcmpge
                0x00408300                __aeabi_dcmpgt
 .text          0x00408314       0x2c c:/program files (x86)/atmel/studio/7.0/toolchain/arm/arm-gnu-toolchain/bin/../lib/gcc/arm-none-eabi/6.3.1/thumb/v7e-m\libgcc.a(_arm_unorddf2.o)
                0x00408314                __unorddf2
                0x00408314                __aeabi_dcmpun
 .text          0x00408340       0x50 c:/program files (x86)/atmel/studio/7.0/toolchain/arm/arm-gnu-toolchain/bin/../lib/gcc/arm-none-eabi/6.3.1/thumb/v7e-m\libgcc.a(_arm_fixdfsi.o)
                0x00408340                __aeabi_d2iz
                0x00408340                __fixdfsi
 *(.glue_7t)
 .glue_7t       0x00408390        0x0 linker stubs
 *(.glue_7)
 .glue_7        0x00408390        0x0 linker stubs
 *(.rodata .rodata* .gnu.linkonce.r.*)
 .rodata.sysfont_glyphs
                0x00408390      0xa48 src/oled/sysfont.o
 .rodata        0x00408dd8       0x41 src/main.o
 *fill*         0x00408e19        0x3 
 .rodata._global_impure_ptr
                0x00408e1c        0x4 c:/program files (x86)/atmel/studio/7.0/toolchain/arm/arm-gnu-toolchain/bin/../lib/gcc/arm-none-eabi/6.3.1/../../../../arm-none-eabi/lib/thumb/v7e-m\libc.a(lib_a-impure.o)
                0x00408e1c                _global_impure_ptr
 .rodata._svfprintf_r.str1.4
                0x00408e20       0x42 c:/program files (x86)/atmel/studio/7.0/toolchain/arm/arm-gnu-toolchain/bin/../lib/gcc/arm-none-eabi/6.3.1/../../../../arm-none-eabi/lib/thumb/v7e-m\libc.a(lib_a-svfprintf.o)
 *fill*         0x00408e62        0x2 
 .rodata.blanks.7223
                0x00408e64       0x10 c:/program files (x86)/atmel/studio/7.0/toolchain/arm/arm-gnu-toolchain/bin/../lib/gcc/arm-none-eabi/6.3.1/../../../../arm-none-eabi/lib/thumb/v7e-m\libc.a(lib_a-svfprintf.o)
 .rodata.zeroes.7224
                0x00408e74       0x10 c:/program files (x86)/atmel/studio/7.0/toolchain/arm/arm-gnu-toolchain/bin/../lib/gcc/arm-none-eabi/6.3.1/../../../../arm-none-eabi/lib/thumb/v7e-m\libc.a(lib_a-svfprintf.o)
 .rodata._dtoa_r.str1.4
                0x00408e84       0x10 c:/program files (x86)/atmel/studio/7.0/toolchain/arm/arm-gnu-toolchain/bin/../lib/gcc/arm-none-eabi/6.3.1/../../../../arm-none-eabi/lib/thumb/v7e-m\libc.a(lib_a-dtoa.o)
                                 0x12 (size before relaxing)
 *fill*         0x00408e94        0x4 
 .rodata.__mprec_bigtens
                0x00408e98       0x28 c:/program files (x86)/atmel/studio/7.0/toolchain/arm/arm-gnu-toolchain/bin/../lib/gcc/arm-none-eabi/6.3.1/../../../../arm-none-eabi/lib/thumb/v7e-m\libc.a(lib_a-mprec.o)
                0x00408e98                __mprec_bigtens
 .rodata.__mprec_tens
                0x00408ec0       0xc8 c:/program files (x86)/atmel/studio/7.0/toolchain/arm/arm-gnu-toolchain/bin/../lib/gcc/arm-none-eabi/6.3.1/../../../../arm-none-eabi/lib/thumb/v7e-m\libc.a(lib_a-mprec.o)
                0x00408ec0                __mprec_tens
 .rodata.p05.6055
                0x00408f88        0xc c:/program files (x86)/atmel/studio/7.0/toolchain/arm/arm-gnu-toolchain/bin/../lib/gcc/arm-none-eabi/6.3.1/../../../../arm-none-eabi/lib/thumb/v7e-m\libc.a(lib_a-mprec.o)
 .rodata._setlocale_r.str1.4
                0x00408f94        0xa c:/program files (x86)/atmel/studio/7.0/toolchain/arm/arm-gnu-toolchain/bin/../lib/gcc/arm-none-eabi/6.3.1/../../../../arm-none-eabi/lib/thumb/v7e-m\libc.a(lib_a-locale.o)
                                  0xd (size before relaxing)
 *fill*         0x00408f9e        0x2 
 .rodata.str1.4
                0x00408fa0        0x4 c:/program files (x86)/atmel/studio/7.0/toolchain/arm/arm-gnu-toolchain/bin/../lib/gcc/arm-none-eabi/6.3.1/../../../../arm-none-eabi/lib/thumb/v7e-m\libc.a(lib_a-locale.o)
                                  0x2 (size before relaxing)
 .rodata._ctype_
                0x00408fa4      0x101 c:/program files (x86)/atmel/studio/7.0/toolchain/arm/arm-gnu-toolchain/bin/../lib/gcc/arm-none-eabi/6.3.1/../../../../arm-none-eabi/lib/thumb/v7e-m\libc.a(lib_a-ctype_.o)
                0x00408fa4                _ctype_
 *(.ARM.extab* .gnu.linkonce.armextab.*)
                0x004090a8                . = ALIGN (0x4)
 *fill*         0x004090a5        0x3 
 *(.init)
 .init          0x004090a8        0x4 c:/program files (x86)/atmel/studio/7.0/toolchain/arm/arm-gnu-toolchain/bin/../lib/gcc/arm-none-eabi/6.3.1/thumb/v7e-m/crti.o
                0x004090a8                _init
 .init          0x004090ac        0x8 c:/program files (x86)/atmel/studio/7.0/toolchain/arm/arm-gnu-toolchain/bin/../lib/gcc/arm-none-eabi/6.3.1/thumb/v7e-m/crtn.o
                0x004090b4                . = ALIGN (0x4)
                0x004090b4                __preinit_array_start = .
 *(.preinit_array)
                0x004090b4                __preinit_array_end = .
                0x004090b4                . = ALIGN (0x4)
                0x004090b4                __init_array_start = .
 *(SORT(.init_array.*))
 .init_array.00000
                0x004090b4        0x4 c:/program files (x86)/atmel/studio/7.0/toolchain/arm/arm-gnu-toolchain/bin/../lib/gcc/arm-none-eabi/6.3.1/../../../../arm-none-eabi/lib/thumb/v7e-m\libc.a(lib_a-__call_atexit.o)
 *(.init_array)
 .init_array    0x004090b8        0x4 c:/program files (x86)/atmel/studio/7.0/toolchain/arm/arm-gnu-toolchain/bin/../lib/gcc/arm-none-eabi/6.3.1/thumb/v7e-m/crtbegin.o
                0x004090bc                __init_array_end = .
                0x004090bc                . = ALIGN (0x4)
 *crtbegin.o(.ctors)
 *(EXCLUDE_FILE(*crtend.o) .ctors)
 *(SORT(.ctors.*))
 *crtend.o(.ctors)
                0x004090bc                . = ALIGN (0x4)
 *(.fini)
 .fini          0x004090bc        0x4 c:/program files (x86)/atmel/studio/7.0/toolchain/arm/arm-gnu-toolchain/bin/../lib/gcc/arm-none-eabi/6.3.1/thumb/v7e-m/crti.o
                0x004090bc                _fini
 .fini          0x004090c0        0x8 c:/program files (x86)/atmel/studio/7.0/toolchain/arm/arm-gnu-toolchain/bin/../lib/gcc/arm-none-eabi/6.3.1/thumb/v7e-m/crtn.o
                0x004090c8                . = ALIGN (0x4)
                0x004090c8                __fini_array_start = .
 *(.fini_array)
 .fini_array    0x004090c8        0x4 c:/program files (x86)/atmel/studio/7.0/toolchain/arm/arm-gnu-toolchain/bin/../lib/gcc/arm-none-eabi/6.3.1/thumb/v7e-m/crtbegin.o
 *(SORT(.fini_array.*))
                0x004090cc                __fini_array_end = .
 *crtbegin.o(.dtors)
 *(EXCLUDE_FILE(*crtend.o) .dtors)
 *(SORT(.dtors.*))
 *crtend.o(.dtors)
                0x004090cc                . = ALIGN (0x4)
                0x004090cc                _efixed = .
                [!provide]                PROVIDE (__exidx_start, .)

.vfp11_veneer   0x004090cc        0x0
 .vfp11_veneer  0x004090cc        0x0 linker stubs

.v4_bx          0x004090cc        0x0
 .v4_bx         0x004090cc        0x0 linker stubs

.iplt           0x004090cc        0x0
 .iplt          0x004090cc        0x0 c:/program files (x86)/atmel/studio/7.0/toolchain/arm/arm-gnu-toolchain/bin/../lib/gcc/arm-none-eabi/6.3.1/thumb/v7e-m/crtbegin.o

.ARM.exidx      0x004090cc        0x8
 *(.ARM.exidx* .gnu.linkonce.armexidx.*)
 .ARM.exidx     0x004090cc        0x8 c:/program files (x86)/atmel/studio/7.0/toolchain/arm/arm-gnu-toolchain/bin/../lib/gcc/arm-none-eabi/6.3.1/thumb/v7e-m\libgcc.a(_udivmoddi4.o)
                [!provide]                PROVIDE (__exidx_end, .)

.eh_frame       0x004090d4        0x0
 .eh_frame      0x004090d4        0x0 c:/program files (x86)/atmel/studio/7.0/toolchain/arm/arm-gnu-toolchain/bin/../lib/gcc/arm-none-eabi/6.3.1/thumb/v7e-m/crtbegin.o

.rel.dyn        0x004090d4        0x0
 .rel.iplt      0x004090d4        0x0 c:/program files (x86)/atmel/studio/7.0/toolchain/arm/arm-gnu-toolchain/bin/../lib/gcc/arm-none-eabi/6.3.1/thumb/v7e-m/crtbegin.o

.jcr            0x004090d4        0x0
 .jcr           0x004090d4        0x0 c:/program files (x86)/atmel/studio/7.0/toolchain/arm/arm-gnu-toolchain/bin/../lib/gcc/arm-none-eabi/6.3.1/thumb/v7e-m/crtbegin.o

.igot.plt       0x004090d4        0x0
 .igot.plt      0x004090d4        0x0 c:/program files (x86)/atmel/studio/7.0/toolchain/arm/arm-gnu-toolchain/bin/../lib/gcc/arm-none-eabi/6.3.1/thumb/v7e-m/crtbegin.o
                0x004090d4                . = ALIGN (0x4)
                0x004090d4                _etext = .

.relocate       0x20400000      0x9d0 load address 0x004090d4
                0x20400000                . = ALIGN (0x4)
                0x20400000                _srelocate = .
 *(.ramfunc .ramfunc.*)
 .ramfunc       0x20400000        0xa src/ASF/common/services/delay/sam/cycle_counter.o
                0x20400000                portable_delay_cycles
 *(.data .data.*)
 *fill*         0x2040000a        0x2 
 .data.sysfont  0x2040000c        0xc src/oled/sysfont.o
                0x2040000c                sysfont
 .data.g_interrupt_enabled
                0x20400018        0x1 src/ASF/common/utils/interrupt/interrupt_sam_nvic.o
                0x20400018                g_interrupt_enabled
 *fill*         0x20400019        0x3 
 .data.ul_flash_in_wait_mode
                0x2040001c        0x4 src/ASF/sam/drivers/pmc/pmc.o
 .data.SystemCoreClock
                0x20400020        0x4 src/ASF/sam/utils/cmsis/same70/source/templates/system_same70.o
                0x20400020                SystemCoreClock
 .data._impure_ptr
                0x20400024        0x4 c:/program files (x86)/atmel/studio/7.0/toolchain/arm/arm-gnu-toolchain/bin/../lib/gcc/arm-none-eabi/6.3.1/../../../../arm-none-eabi/lib/thumb/v7e-m\libc.a(lib_a-impure.o)
                0x20400024                _impure_ptr
 .data.impure_data
                0x20400028      0x428 c:/program files (x86)/atmel/studio/7.0/toolchain/arm/arm-gnu-toolchain/bin/../lib/gcc/arm-none-eabi/6.3.1/../../../../arm-none-eabi/lib/thumb/v7e-m\libc.a(lib_a-impure.o)
 .data.__atexit_recursive_mutex
                0x20400450        0x4 c:/program files (x86)/atmel/studio/7.0/toolchain/arm/arm-gnu-toolchain/bin/../lib/gcc/arm-none-eabi/6.3.1/../../../../arm-none-eabi/lib/thumb/v7e-m\libc.a(lib_a-__call_atexit.o)
                0x20400450                __atexit_recursive_mutex
 .data.__malloc_av_
                0x20400454      0x408 c:/program files (x86)/atmel/studio/7.0/toolchain/arm/arm-gnu-toolchain/bin/../lib/gcc/arm-none-eabi/6.3.1/../../../../arm-none-eabi/lib/thumb/v7e-m\libc.a(lib_a-mallocr.o)
                0x20400454                __malloc_av_
 .data.__malloc_sbrk_base
                0x2040085c        0x4 c:/program files (x86)/atmel/studio/7.0/toolchain/arm/arm-gnu-toolchain/bin/../lib/gcc/arm-none-eabi/6.3.1/../../../../arm-none-eabi/lib/thumb/v7e-m\libc.a(lib_a-mallocr.o)
                0x2040085c                __malloc_sbrk_base
 .data.__malloc_trim_threshold
                0x20400860        0x4 c:/program files (x86)/atmel/studio/7.0/toolchain/arm/arm-gnu-toolchain/bin/../lib/gcc/arm-none-eabi/6.3.1/../../../../arm-none-eabi/lib/thumb/v7e-m\libc.a(lib_a-mallocr.o)
                0x20400860                __malloc_trim_threshold
 .data.__global_locale
                0x20400864      0x16c c:/program files (x86)/atmel/studio/7.0/toolchain/arm/arm-gnu-toolchain/bin/../lib/gcc/arm-none-eabi/6.3.1/../../../../arm-none-eabi/lib/thumb/v7e-m\libc.a(lib_a-locale.o)
                0x20400864                __global_locale
                0x204009d0                . = ALIGN (0x4)
                0x204009d0                _erelocate = .

.bss            0x204009d0      0x320 load address 0x00409aa8
                0x204009d0                . = ALIGN (0x4)
                0x204009d0                _sbss = .
                0x204009d0                _szero = .
 *(.bss .bss.*)
 .bss           0x204009d0       0x1c c:/program files (x86)/atmel/studio/7.0/toolchain/arm/arm-gnu-toolchain/bin/../lib/gcc/arm-none-eabi/6.3.1/thumb/v7e-m/crtbegin.o
 .bss.g_wobits_in_rtt_mr
                0x204009ec        0x4 src/ASF/sam/drivers/rtt/rtt.o
 .bss.fbpointer
                0x204009f0        0x4 src/oled/gfx_mono_framebuffer.o
 .bss.framebuffer
                0x204009f4      0x200 src/oled/gfx_mono_ug_2832hsweg04.o
 .bss.gs_interrupt_sources
                0x20400bf4       0x70 src/ASF/sam/drivers/pio/pio_handler.o
 .bss.gs_ul_nb_sources
                0x20400c64        0x4 src/ASF/sam/drivers/pio/pio_handler.o
 .bss.b_is_sleep_clock_used
                0x20400c68        0x1 src/ASF/sam/drivers/pmc/sleep.o
 *fill*         0x20400c69        0x3 
 .bss.callback_clocks_restored
                0x20400c6c        0x4 src/ASF/sam/drivers/pmc/sleep.o
 .bss.heap.6420
                0x20400c70        0x4 src/ASF/sam/utils/syscalls/gcc/syscalls.o
 .bss.trig_flag
                0x20400c74        0x1 src/main.o
                0x20400c74                trig_flag
 .bss.echo_flag_fall
                0x20400c75        0x1 src/main.o
                0x20400c75                echo_flag_fall
 .bss.echo_flag_rise
                0x20400c76        0x1 src/main.o
                0x20400c76                echo_flag_rise
 *fill*         0x20400c77        0x1 
 .bss.undefined_time_counter
                0x20400c78        0x4 src/main.o
                0x20400c78                undefined_time_counter
 .bss.begin_flag
                0x20400c7c        0x1 src/main.o
                0x20400c7c                begin_flag
 *fill*         0x20400c7d        0x3 
 .bss.__malloc_current_mallinfo
                0x20400c80       0x28 c:/program files (x86)/atmel/studio/7.0/toolchain/arm/arm-gnu-toolchain/bin/../lib/gcc/arm-none-eabi/6.3.1/../../../../arm-none-eabi/lib/thumb/v7e-m\libc.a(lib_a-mallocr.o)
                0x20400c80                __malloc_current_mallinfo
 .bss.__malloc_max_sbrked_mem
                0x20400ca8        0x4 c:/program files (x86)/atmel/studio/7.0/toolchain/arm/arm-gnu-toolchain/bin/../lib/gcc/arm-none-eabi/6.3.1/../../../../arm-none-eabi/lib/thumb/v7e-m\libc.a(lib_a-mallocr.o)
                0x20400ca8                __malloc_max_sbrked_mem
 .bss.__malloc_max_total_mem
                0x20400cac        0x4 c:/program files (x86)/atmel/studio/7.0/toolchain/arm/arm-gnu-toolchain/bin/../lib/gcc/arm-none-eabi/6.3.1/../../../../arm-none-eabi/lib/thumb/v7e-m\libc.a(lib_a-mallocr.o)
                0x20400cac                __malloc_max_total_mem
 .bss.__malloc_top_pad
                0x20400cb0        0x4 c:/program files (x86)/atmel/studio/7.0/toolchain/arm/arm-gnu-toolchain/bin/../lib/gcc/arm-none-eabi/6.3.1/../../../../arm-none-eabi/lib/thumb/v7e-m\libc.a(lib_a-mallocr.o)
                0x20400cb0                __malloc_top_pad
 *(COMMON)
 *fill*         0x20400cb4        0x4 
 COMMON         0x20400cb8       0x10 src/main.o
                0x20400cb8                flag_rtc_alarm
                0x20400cc0                time_rtt
 COMMON         0x20400cc8       0x21 c:/program files (x86)/atmel/studio/7.0/toolchain/arm/arm-gnu-toolchain/bin/../lib/gcc/arm-none-eabi/6.3.1/../../../../arm-none-eabi/lib/thumb/v7e-m\libc.a(lib_a-lock.o)
                0x20400cc8                __lock___atexit_recursive_mutex
                0x20400ccc                __lock___arc4random_mutex
                0x20400cd0                __lock___env_recursive_mutex
                0x20400cd4                __lock___sinit_recursive_mutex
                0x20400cd8                __lock___malloc_recursive_mutex
                0x20400cdc                __lock___at_quick_exit_mutex
                0x20400ce0                __lock___dd_hash_mutex
                0x20400ce4                __lock___tz_mutex
                0x20400ce8                __lock___sfp_recursive_mutex
 *fill*         0x20400ce9        0x3 
 COMMON         0x20400cec        0x4 c:/program files (x86)/atmel/studio/7.0/toolchain/arm/arm-gnu-toolchain/bin/../lib/gcc/arm-none-eabi/6.3.1/../../../../arm-none-eabi/lib/thumb/v7e-m\libc.a(lib_a-reent.o)
                0x20400cec                errno
                0x20400cf0                . = ALIGN (0x4)
                0x20400cf0                _ebss = .
                0x20400cf0                _ezero = .

.stack          0x20400cf0     0x2000 load address 0x00409dc8
                0x20400cf0                . = ALIGN (0x8)
                0x20400cf0                _sstack = .
                0x20402cf0                . = (. + STACK_SIZE)
 *fill*         0x20400cf0     0x2000 
                0x20402cf0                . = ALIGN (0x8)
                0x20402cf0                _estack = .

.heap           0x20402cf0      0x200 load address 0x0040bdc8
                0x20402cf0                . = ALIGN (0x8)
                0x20402cf0                _sheap = .
                0x20402ef0                . = (. + HEAP_SIZE)
 *fill*         0x20402cf0      0x200 
                0x20402ef0                . = ALIGN (0x8)
                0x20402ef0                _eheap = .
                0x20402ef0                . = ALIGN (0x4)
                0x20402ef0                _end = .
                0x2045ffff                _ram_end_ = ((ORIGIN (ram) + LENGTH (ram)) - 0x1)
OUTPUT(OLED1.elf elf32-littlearm)

.ARM.attributes
                0x00000000       0x2e
 .ARM.attributes
                0x00000000       0x1e c:/program files (x86)/atmel/studio/7.0/toolchain/arm/arm-gnu-toolchain/bin/../lib/gcc/arm-none-eabi/6.3.1/thumb/v7e-m/crti.o
 .ARM.attributes
                0x0000001e       0x2e c:/program files (x86)/atmel/studio/7.0/toolchain/arm/arm-gnu-toolchain/bin/../lib/gcc/arm-none-eabi/6.3.1/thumb/v7e-m/crtbegin.o
 .ARM.attributes
                0x0000004c       0x37 src/ASF/sam/drivers/rtc/rtc.o
 .ARM.attributes
                0x00000083       0x37 src/ASF/sam/drivers/rtt/rtt.o
 .ARM.attributes
                0x000000ba       0x37 src/ASF/sam/drivers/spi/spi.o
 .ARM.attributes
                0x000000f1       0x37 src/ASF/sam/drivers/tc/tc.o
 .ARM.attributes
                0x00000128       0x37 src/oled/gfx_mono_framebuffer.o
 .ARM.attributes
                0x0000015f       0x37 src/oled/gfx_mono_generic.o
 .ARM.attributes
                0x00000196       0x37 src/oled/gfx_mono_text.o
 .ARM.attributes
                0x000001cd       0x37 src/oled/gfx_mono_ug_2832hsweg04.o
 .ARM.attributes
                0x00000204       0x37 src/oled/ssd1306.o
 .ARM.attributes
                0x0000023b       0x37 src/oled/sysfont.o
 .ARM.attributes
                0x00000272       0x37 src/ASF/common/services/delay/sam/cycle_counter.o
 .ARM.attributes
                0x000002a9       0x37 src/ASF/common/services/clock/same70/sysclk.o
 .ARM.attributes
                0x000002e0       0x37 src/ASF/common/utils/interrupt/interrupt_sam_nvic.o
 .ARM.attributes
                0x00000317       0x37 src/ASF/sam/boards/same70_xplained/init.o
 .ARM.attributes
                0x0000034e       0x37 src/ASF/sam/drivers/pio/pio.o
 .ARM.attributes
                0x00000385       0x37 src/ASF/sam/drivers/pio/pio_handler.o
 .ARM.attributes
                0x000003bc       0x37 src/ASF/sam/drivers/pmc/pmc.o
 .ARM.attributes
                0x000003f3       0x37 src/ASF/sam/drivers/pmc/sleep.o
 .ARM.attributes
                0x0000042a       0x37 src/ASF/sam/utils/cmsis/same70/source/templates/gcc/startup_same70.o
 .ARM.attributes
                0x00000461       0x37 src/ASF/sam/utils/cmsis/same70/source/templates/system_same70.o
 .ARM.attributes
                0x00000498       0x37 src/ASF/sam/utils/syscalls/gcc/syscalls.o
 .ARM.attributes
                0x000004cf       0x37 src/main.o
 .ARM.attributes
                0x00000506       0x1e c:/program files (x86)/atmel/studio/7.0/toolchain/arm/arm-gnu-toolchain/bin/../lib/gcc/arm-none-eabi/6.3.1/thumb/v7e-m\libgcc.a(_arm_addsubdf3.o)
 .ARM.attributes
                0x00000524       0x1e c:/program files (x86)/atmel/studio/7.0/toolchain/arm/arm-gnu-toolchain/bin/../lib/gcc/arm-none-eabi/6.3.1/thumb/v7e-m\libgcc.a(_arm_muldivdf3.o)
 .ARM.attributes
                0x00000542       0x1e c:/program files (x86)/atmel/studio/7.0/toolchain/arm/arm-gnu-toolchain/bin/../lib/gcc/arm-none-eabi/6.3.1/thumb/v7e-m\libgcc.a(_arm_truncdfsf2.o)
 .ARM.attributes
                0x00000560       0x1e c:/program files (x86)/atmel/studio/7.0/toolchain/arm/arm-gnu-toolchain/bin/../lib/gcc/arm-none-eabi/6.3.1/thumb/v7e-m\libgcc.a(_aeabi_uldivmod.o)
 .ARM.attributes
                0x0000057e       0x2e c:/program files (x86)/atmel/studio/7.0/toolchain/arm/arm-gnu-toolchain/bin/../lib/gcc/arm-none-eabi/6.3.1/thumb/v7e-m\libgcc.a(_udivmoddi4.o)
 .ARM.attributes
                0x000005ac       0x1e c:/program files (x86)/atmel/studio/7.0/toolchain/arm/arm-gnu-toolchain/bin/../lib/gcc/arm-none-eabi/6.3.1/thumb/v7e-m\libgcc.a(_dvmd_tls.o)
 .ARM.attributes
                0x000005ca       0x2e c:/program files (x86)/atmel/studio/7.0/toolchain/arm/arm-gnu-toolchain/bin/../lib/gcc/arm-none-eabi/6.3.1/../../../../arm-none-eabi/lib/thumb/v7e-m\libc.a(lib_a-impure.o)
 .ARM.attributes
                0x000005f8       0x2e c:/program files (x86)/atmel/studio/7.0/toolchain/arm/arm-gnu-toolchain/bin/../lib/gcc/arm-none-eabi/6.3.1/../../../../arm-none-eabi/lib/thumb/v7e-m\libc.a(lib_a-init.o)
 .ARM.attributes
                0x00000626       0x2e c:/program files (x86)/atmel/studio/7.0/toolchain/arm/arm-gnu-toolchain/bin/../lib/gcc/arm-none-eabi/6.3.1/../../../../arm-none-eabi/lib/thumb/v7e-m\libc.a(lib_a-memset.o)
 .ARM.attributes
                0x00000654       0x2e c:/program files (x86)/atmel/studio/7.0/toolchain/arm/arm-gnu-toolchain/bin/../lib/gcc/arm-none-eabi/6.3.1/../../../../arm-none-eabi/lib/thumb/v7e-m\libc.a(lib_a-sprintf.o)
 .ARM.attributes
                0x00000682       0x2e c:/program files (x86)/atmel/studio/7.0/toolchain/arm/arm-gnu-toolchain/bin/../lib/gcc/arm-none-eabi/6.3.1/../../../../arm-none-eabi/lib/thumb/v7e-m\libc.a(lib_a-svfprintf.o)
 .ARM.attributes
                0x000006b0       0x2e c:/program files (x86)/atmel/studio/7.0/toolchain/arm/arm-gnu-toolchain/bin/../lib/gcc/arm-none-eabi/6.3.1/../../../../arm-none-eabi/lib/thumb/v7e-m\libc.a(lib_a-__call_atexit.o)
 .ARM.attributes
                0x000006de       0x2e c:/program files (x86)/atmel/studio/7.0/toolchain/arm/arm-gnu-toolchain/bin/../lib/gcc/arm-none-eabi/6.3.1/../../../../arm-none-eabi/lib/thumb/v7e-m\libc.a(lib_a-atexit.o)
 .ARM.attributes
                0x0000070c       0x2e c:/program files (x86)/atmel/studio/7.0/toolchain/arm/arm-gnu-toolchain/bin/../lib/gcc/arm-none-eabi/6.3.1/../../../../arm-none-eabi/lib/thumb/v7e-m\libc.a(lib_a-dtoa.o)
 .ARM.attributes
                0x0000073a       0x2e c:/program files (x86)/atmel/studio/7.0/toolchain/arm/arm-gnu-toolchain/bin/../lib/gcc/arm-none-eabi/6.3.1/../../../../arm-none-eabi/lib/thumb/v7e-m\libc.a(lib_a-fini.o)
 .ARM.attributes
                0x00000768       0x2e c:/program files (x86)/atmel/studio/7.0/toolchain/arm/arm-gnu-toolchain/bin/../lib/gcc/arm-none-eabi/6.3.1/../../../../arm-none-eabi/lib/thumb/v7e-m\libc.a(lib_a-localeconv.o)
 .ARM.attributes
                0x00000796       0x2e c:/program files (x86)/atmel/studio/7.0/toolchain/arm/arm-gnu-toolchain/bin/../lib/gcc/arm-none-eabi/6.3.1/../../../../arm-none-eabi/lib/thumb/v7e-m\libc.a(lib_a-lock.o)
 .ARM.attributes
                0x000007c4       0x2e c:/program files (x86)/atmel/studio/7.0/toolchain/arm/arm-gnu-toolchain/bin/../lib/gcc/arm-none-eabi/6.3.1/../../../../arm-none-eabi/lib/thumb/v7e-m\libc.a(lib_a-mallocr.o)
 .ARM.attributes
                0x000007f2       0x1c c:/program files (x86)/atmel/studio/7.0/toolchain/arm/arm-gnu-toolchain/bin/../lib/gcc/arm-none-eabi/6.3.1/../../../../arm-none-eabi/lib/thumb/v7e-m\libc.a(lib_a-memchr.o)
 .ARM.attributes
                0x0000080e       0x1c c:/program files (x86)/atmel/studio/7.0/toolchain/arm/arm-gnu-toolchain/bin/../lib/gcc/arm-none-eabi/6.3.1/../../../../arm-none-eabi/lib/thumb/v7e-m\libc.a(lib_a-memcpy.o)
 .ARM.attributes
                0x0000082a       0x2e c:/program files (x86)/atmel/studio/7.0/toolchain/arm/arm-gnu-toolchain/bin/../lib/gcc/arm-none-eabi/6.3.1/../../../../arm-none-eabi/lib/thumb/v7e-m\libc.a(lib_a-mlock.o)
 .ARM.attributes
                0x00000858       0x2e c:/program files (x86)/atmel/studio/7.0/toolchain/arm/arm-gnu-toolchain/bin/../lib/gcc/arm-none-eabi/6.3.1/../../../../arm-none-eabi/lib/thumb/v7e-m\libc.a(lib_a-mprec.o)
 .ARM.attributes
                0x00000886       0x2e c:/program files (x86)/atmel/studio/7.0/toolchain/arm/arm-gnu-toolchain/bin/../lib/gcc/arm-none-eabi/6.3.1/../../../../arm-none-eabi/lib/thumb/v7e-m\libc.a(lib_a-sbrkr.o)
 .ARM.attributes
                0x000008b4       0x1c c:/program files (x86)/atmel/studio/7.0/toolchain/arm/arm-gnu-toolchain/bin/../lib/gcc/arm-none-eabi/6.3.1/../../../../arm-none-eabi/lib/thumb/v7e-m\libc.a(lib_a-strlen.o)
 .ARM.attributes
                0x000008d0       0x2e c:/program files (x86)/atmel/studio/7.0/toolchain/arm/arm-gnu-toolchain/bin/../lib/gcc/arm-none-eabi/6.3.1/../../../../arm-none-eabi/lib/thumb/v7e-m\libc.a(lib_a-svfiprintf.o)
 .ARM.attributes
                0x000008fe       0x2e c:/program files (x86)/atmel/studio/7.0/toolchain/arm/arm-gnu-toolchain/bin/../lib/gcc/arm-none-eabi/6.3.1/../../../../arm-none-eabi/lib/thumb/v7e-m\libc.a(lib_a-__atexit.o)
 .ARM.attributes
                0x0000092c       0x2e c:/program files (x86)/atmel/studio/7.0/toolchain/arm/arm-gnu-toolchain/bin/../lib/gcc/arm-none-eabi/6.3.1/../../../../arm-none-eabi/lib/thumb/v7e-m\libc.a(lib_a-callocr.o)
 .ARM.attributes
                0x0000095a       0x2e c:/program files (x86)/atmel/studio/7.0/toolchain/arm/arm-gnu-toolchain/bin/../lib/gcc/arm-none-eabi/6.3.1/../../../../arm-none-eabi/lib/thumb/v7e-m\libc.a(lib_a-freer.o)
 .ARM.attributes
                0x00000988       0x2e c:/program files (x86)/atmel/studio/7.0/toolchain/arm/arm-gnu-toolchain/bin/../lib/gcc/arm-none-eabi/6.3.1/../../../../arm-none-eabi/lib/thumb/v7e-m\libc.a(lib_a-locale.o)
 .ARM.attributes
                0x000009b6       0x2e c:/program files (x86)/atmel/studio/7.0/toolchain/arm/arm-gnu-toolchain/bin/../lib/gcc/arm-none-eabi/6.3.1/../../../../arm-none-eabi/lib/thumb/v7e-m\libc.a(lib_a-mbtowc_r.o)
 .ARM.attributes
                0x000009e4       0x2e c:/program files (x86)/atmel/studio/7.0/toolchain/arm/arm-gnu-toolchain/bin/../lib/gcc/arm-none-eabi/6.3.1/../../../../arm-none-eabi/lib/thumb/v7e-m\libc.a(lib_a-memmove.o)
 .ARM.attributes
                0x00000a12       0x2e c:/program files (x86)/atmel/studio/7.0/toolchain/arm/arm-gnu-toolchain/bin/../lib/gcc/arm-none-eabi/6.3.1/../../../../arm-none-eabi/lib/thumb/v7e-m\libc.a(lib_a-reallocr.o)
 .ARM.attributes
                0x00000a40       0x2e c:/program files (x86)/atmel/studio/7.0/toolchain/arm/arm-gnu-toolchain/bin/../lib/gcc/arm-none-eabi/6.3.1/../../../../arm-none-eabi/lib/thumb/v7e-m\libc.a(lib_a-reent.o)
 .ARM.attributes
                0x00000a6e       0x2e c:/program files (x86)/atmel/studio/7.0/toolchain/arm/arm-gnu-toolchain/bin/../lib/gcc/arm-none-eabi/6.3.1/../../../../arm-none-eabi/lib/thumb/v7e-m\libc.a(lib_a-wctomb_r.o)
 .ARM.attributes
                0x00000a9c       0x2e c:/program files (x86)/atmel/studio/7.0/toolchain/arm/arm-gnu-toolchain/bin/../lib/gcc/arm-none-eabi/6.3.1/../../../../arm-none-eabi/lib/thumb/v7e-m\libc.a(lib_a-ctype_.o)
 .ARM.attributes
                0x00000aca       0x1e c:/program files (x86)/atmel/studio/7.0/toolchain/arm/arm-gnu-toolchain/bin/../lib/gcc/arm-none-eabi/6.3.1/thumb/v7e-m\libgcc.a(_arm_cmpdf2.o)
 .ARM.attributes
                0x00000ae8       0x1e c:/program files (x86)/atmel/studio/7.0/toolchain/arm/arm-gnu-toolchain/bin/../lib/gcc/arm-none-eabi/6.3.1/thumb/v7e-m\libgcc.a(_arm_unorddf2.o)
 .ARM.attributes
                0x00000b06       0x1e c:/program files (x86)/atmel/studio/7.0/toolchain/arm/arm-gnu-toolchain/bin/../lib/gcc/arm-none-eabi/6.3.1/thumb/v7e-m\libgcc.a(_arm_fixdfsi.o)
 .ARM.attributes
                0x00000b24       0x1e c:/program files (x86)/atmel/studio/7.0/toolchain/arm/arm-gnu-toolchain/bin/../lib/gcc/arm-none-eabi/6.3.1/thumb/v7e-m/crtn.o

.comment        0x00000000       0x59
 .comment       0x00000000       0x59 src/ASF/sam/drivers/rtc/rtc.o
                                 0x5a (size before relaxing)
 .comment       0x00000059       0x5a src/ASF/sam/drivers/rtt/rtt.o
 .comment       0x00000059       0x5a src/ASF/sam/drivers/spi/spi.o
 .comment       0x00000059       0x5a src/ASF/sam/drivers/tc/tc.o
 .comment       0x00000059       0x5a src/oled/gfx_mono_framebuffer.o
 .comment       0x00000059       0x5a src/oled/gfx_mono_generic.o
 .comment       0x00000059       0x5a src/oled/gfx_mono_text.o
 .comment       0x00000059       0x5a src/oled/gfx_mono_ug_2832hsweg04.o
 .comment       0x00000059       0x5a src/oled/ssd1306.o
 .comment       0x00000059       0x5a src/oled/sysfont.o
 .comment       0x00000059       0x5a src/ASF/common/services/delay/sam/cycle_counter.o
 .comment       0x00000059       0x5a src/ASF/common/services/clock/same70/sysclk.o
 .comment       0x00000059       0x5a src/ASF/common/utils/interrupt/interrupt_sam_nvic.o
 .comment       0x00000059       0x5a src/ASF/sam/boards/same70_xplained/init.o
 .comment       0x00000059       0x5a src/ASF/sam/drivers/pio/pio.o
 .comment       0x00000059       0x5a src/ASF/sam/drivers/pio/pio_handler.o
 .comment       0x00000059       0x5a src/ASF/sam/drivers/pmc/pmc.o
 .comment       0x00000059       0x5a src/ASF/sam/drivers/pmc/sleep.o
 .comment       0x00000059       0x5a src/ASF/sam/utils/cmsis/same70/source/templates/gcc/startup_same70.o
 .comment       0x00000059       0x5a src/ASF/sam/utils/cmsis/same70/source/templates/system_same70.o
 .comment       0x00000059       0x5a src/ASF/sam/utils/syscalls/gcc/syscalls.o
 .comment       0x00000059       0x5a src/main.o

.debug_info     0x00000000    0x1a24d
 .debug_info    0x00000000     0x10e8 src/ASF/sam/drivers/rtc/rtc.o
 .debug_info    0x000010e8      0xcaf src/ASF/sam/drivers/rtt/rtt.o
 .debug_info    0x00001d97     0x10ff src/ASF/sam/drivers/spi/spi.o
 .debug_info    0x00002e96     0x1249 src/ASF/sam/drivers/tc/tc.o
 .debug_info    0x000040df      0xd75 src/oled/gfx_mono_framebuffer.o
 .debug_info    0x00004e54     0x114a src/oled/gfx_mono_generic.o
 .debug_info    0x00005f9e      0xeb8 src/oled/gfx_mono_text.o
 .debug_info    0x00006e56      0xf32 src/oled/gfx_mono_ug_2832hsweg04.o
 .debug_info    0x00007d88     0x1c29 src/oled/ssd1306.o
 .debug_info    0x000099b1      0xb06 src/oled/sysfont.o
 .debug_info    0x0000a4b7      0xa45 src/ASF/common/services/delay/sam/cycle_counter.o
 .debug_info    0x0000aefc     0x12d4 src/ASF/common/services/clock/same70/sysclk.o
 .debug_info    0x0000c1d0      0xb06 src/ASF/common/utils/interrupt/interrupt_sam_nvic.o
 .debug_info    0x0000ccd6     0x1c75 src/ASF/sam/boards/same70_xplained/init.o
 .debug_info    0x0000e94b     0x1cbf src/ASF/sam/drivers/pio/pio.o
 .debug_info    0x0001060a     0x1a18 src/ASF/sam/drivers/pio/pio_handler.o
 .debug_info    0x00012022     0x1df9 src/ASF/sam/drivers/pmc/pmc.o
 .debug_info    0x00013e1b     0x1635 src/ASF/sam/drivers/pmc/sleep.o
 .debug_info    0x00015450     0x157c src/ASF/sam/utils/cmsis/same70/source/templates/gcc/startup_same70.o
 .debug_info    0x000169cc      0x55f src/ASF/sam/utils/cmsis/same70/source/templates/system_same70.o
 .debug_info    0x00016f2b      0xdbc src/ASF/sam/utils/syscalls/gcc/syscalls.o
 .debug_info    0x00017ce7     0x2566 src/main.o

.debug_abbrev   0x00000000     0x37bd
 .debug_abbrev  0x00000000      0x24a src/ASF/sam/drivers/rtc/rtc.o
 .debug_abbrev  0x0000024a      0x203 src/ASF/sam/drivers/rtt/rtt.o
 .debug_abbrev  0x0000044d      0x2c2 src/ASF/sam/drivers/spi/spi.o
 .debug_abbrev  0x0000070f      0x24a src/ASF/sam/drivers/tc/tc.o
 .debug_abbrev  0x00000959      0x217 src/oled/gfx_mono_framebuffer.o
 .debug_abbrev  0x00000b70      0x26b src/oled/gfx_mono_generic.o
 .debug_abbrev  0x00000ddb      0x281 src/oled/gfx_mono_text.o
 .debug_abbrev  0x0000105c      0x2b6 src/oled/gfx_mono_ug_2832hsweg04.o
 .debug_abbrev  0x00001312      0x3de src/oled/ssd1306.o
 .debug_abbrev  0x000016f0      0x1b6 src/oled/sysfont.o
 .debug_abbrev  0x000018a6      0x1b3 src/ASF/common/services/delay/sam/cycle_counter.o
 .debug_abbrev  0x00001a59      0x296 src/ASF/common/services/clock/same70/sysclk.o
 .debug_abbrev  0x00001cef      0x214 src/ASF/common/utils/interrupt/interrupt_sam_nvic.o
 .debug_abbrev  0x00001f03      0x3eb src/ASF/sam/boards/same70_xplained/init.o
 .debug_abbrev  0x000022ee      0x296 src/ASF/sam/drivers/pio/pio.o
 .debug_abbrev  0x00002584      0x2c9 src/ASF/sam/drivers/pio/pio_handler.o
 .debug_abbrev  0x0000284d      0x2c5 src/ASF/sam/drivers/pmc/pmc.o
 .debug_abbrev  0x00002b12      0x2df src/ASF/sam/drivers/pmc/sleep.o
 .debug_abbrev  0x00002df1      0x2e8 src/ASF/sam/utils/cmsis/same70/source/templates/gcc/startup_same70.o
 .debug_abbrev  0x000030d9      0x102 src/ASF/sam/utils/cmsis/same70/source/templates/system_same70.o
 .debug_abbrev  0x000031db      0x22a src/ASF/sam/utils/syscalls/gcc/syscalls.o
 .debug_abbrev  0x00003405      0x3b8 src/main.o

.debug_loc      0x00000000     0x6bbc
 .debug_loc     0x00000000      0x730 src/ASF/sam/drivers/rtc/rtc.o
 .debug_loc     0x00000730      0x330 src/ASF/sam/drivers/rtt/rtt.o
 .debug_loc     0x00000a60      0x630 src/ASF/sam/drivers/spi/spi.o
 .debug_loc     0x00001090      0x844 src/ASF/sam/drivers/tc/tc.o
 .debug_loc     0x000018d4      0x2bc src/oled/gfx_mono_framebuffer.o
 .debug_loc     0x00001b90      0x280 src/oled/gfx_mono_generic.o
 .debug_loc     0x00001e10      0x1f8 src/oled/gfx_mono_text.o
 .debug_loc     0x00002008      0x3c0 src/oled/gfx_mono_ug_2832hsweg04.o
 .debug_loc     0x000023c8      0x6e8 src/oled/ssd1306.o
 .debug_loc     0x00002ab0      0x4a0 src/ASF/common/services/clock/same70/sysclk.o
 .debug_loc     0x00002f50       0xa0 src/ASF/common/utils/interrupt/interrupt_sam_nvic.o
 .debug_loc     0x00002ff0      0x2fc src/ASF/sam/boards/same70_xplained/init.o
 .debug_loc     0x000032ec     0x1174 src/ASF/sam/drivers/pio/pio.o
 .debug_loc     0x00004460      0x38c src/ASF/sam/drivers/pio/pio_handler.o
 .debug_loc     0x000047ec     0x172c src/ASF/sam/drivers/pmc/pmc.o
 .debug_loc     0x00005f18       0xe6 src/ASF/sam/drivers/pmc/sleep.o
 .debug_loc     0x00005ffe      0x16c src/ASF/sam/utils/cmsis/same70/source/templates/gcc/startup_same70.o
 .debug_loc     0x0000616a       0xe4 src/ASF/sam/utils/cmsis/same70/source/templates/system_same70.o
 .debug_loc     0x0000624e      0x300 src/ASF/sam/utils/syscalls/gcc/syscalls.o
 .debug_loc     0x0000654e      0x66e src/main.o

.debug_aranges  0x00000000      0xc68
 .debug_aranges
                0x00000000       0xb8 src/ASF/sam/drivers/rtc/rtc.o
 .debug_aranges
                0x000000b8       0x60 src/ASF/sam/drivers/rtt/rtt.o
 .debug_aranges
                0x00000118       0xa8 src/ASF/sam/drivers/spi/spi.o
 .debug_aranges
                0x000001c0       0xd0 src/ASF/sam/drivers/tc/tc.o
 .debug_aranges
                0x00000290       0x58 src/oled/gfx_mono_framebuffer.o
 .debug_aranges
                0x000002e8       0x58 src/oled/gfx_mono_generic.o
 .debug_aranges
                0x00000340       0x48 src/oled/gfx_mono_text.o
 .debug_aranges
                0x00000388       0x78 src/oled/gfx_mono_ug_2832hsweg04.o
 .debug_aranges
                0x00000400       0xd0 src/oled/ssd1306.o
 .debug_aranges
                0x000004d0       0x18 src/oled/sysfont.o
 .debug_aranges
                0x000004e8       0x20 src/ASF/common/services/delay/sam/cycle_counter.o
 .debug_aranges
                0x00000508       0x98 src/ASF/common/services/clock/same70/sysclk.o
 .debug_aranges
                0x000005a0       0x28 src/ASF/common/utils/interrupt/interrupt_sam_nvic.o
 .debug_aranges
                0x000005c8       0x68 src/ASF/sam/boards/same70_xplained/init.o
 .debug_aranges
                0x00000630      0x1a8 src/ASF/sam/drivers/pio/pio.o
 .debug_aranges
                0x000007d8       0x80 src/ASF/sam/drivers/pio/pio_handler.o
 .debug_aranges
                0x00000858      0x250 src/ASF/sam/drivers/pmc/pmc.o
 .debug_aranges
                0x00000aa8       0x30 src/ASF/sam/drivers/pmc/sleep.o
 .debug_aranges
                0x00000ad8       0x40 src/ASF/sam/utils/cmsis/same70/source/templates/gcc/startup_same70.o
 .debug_aranges
                0x00000b18       0x30 src/ASF/sam/utils/cmsis/same70/source/templates/system_same70.o
 .debug_aranges
                0x00000b48       0x60 src/ASF/sam/utils/syscalls/gcc/syscalls.o
 .debug_aranges
                0x00000ba8       0xc0 src/main.o

.debug_ranges   0x00000000      0xbc0
 .debug_ranges  0x00000000       0xa8 src/ASF/sam/drivers/rtc/rtc.o
 .debug_ranges  0x000000a8       0x50 src/ASF/sam/drivers/rtt/rtt.o
 .debug_ranges  0x000000f8       0x98 src/ASF/sam/drivers/spi/spi.o
 .debug_ranges  0x00000190       0xc0 src/ASF/sam/drivers/tc/tc.o
 .debug_ranges  0x00000250       0x48 src/oled/gfx_mono_framebuffer.o
 .debug_ranges  0x00000298       0x48 src/oled/gfx_mono_generic.o
 .debug_ranges  0x000002e0       0x38 src/oled/gfx_mono_text.o
 .debug_ranges  0x00000318       0x68 src/oled/gfx_mono_ug_2832hsweg04.o
 .debug_ranges  0x00000380      0x108 src/oled/ssd1306.o
 .debug_ranges  0x00000488       0x10 src/ASF/common/services/delay/sam/cycle_counter.o
 .debug_ranges  0x00000498       0x88 src/ASF/common/services/clock/same70/sysclk.o
 .debug_ranges  0x00000520       0x18 src/ASF/common/utils/interrupt/interrupt_sam_nvic.o
 .debug_ranges  0x00000538       0xd0 src/ASF/sam/boards/same70_xplained/init.o
 .debug_ranges  0x00000608      0x198 src/ASF/sam/drivers/pio/pio.o
 .debug_ranges  0x000007a0       0x70 src/ASF/sam/drivers/pio/pio_handler.o
 .debug_ranges  0x00000810      0x240 src/ASF/sam/drivers/pmc/pmc.o
 .debug_ranges  0x00000a50       0x20 src/ASF/sam/drivers/pmc/sleep.o
 .debug_ranges  0x00000a70       0x30 src/ASF/sam/utils/cmsis/same70/source/templates/gcc/startup_same70.o
 .debug_ranges  0x00000aa0       0x20 src/ASF/sam/utils/cmsis/same70/source/templates/system_same70.o
 .debug_ranges  0x00000ac0       0x50 src/ASF/sam/utils/syscalls/gcc/syscalls.o
 .debug_ranges  0x00000b10       0xb0 src/main.o

.debug_macro    0x00000000    0x225a5
 .debug_macro   0x00000000      0x678 src/ASF/sam/drivers/rtc/rtc.o
 .debug_macro   0x00000678      0x8ce src/ASF/sam/drivers/rtc/rtc.o
 .debug_macro   0x00000f46      0x16d src/ASF/sam/drivers/rtc/rtc.o
 .debug_macro   0x000010b3      0x64b src/ASF/sam/drivers/rtc/rtc.o
 .debug_macro   0x000016fe       0x76 src/ASF/sam/drivers/rtc/rtc.o
 .debug_macro   0x00001774       0x16 src/ASF/sam/drivers/rtc/rtc.o
 .debug_macro   0x0000178a      0x6e4 src/ASF/sam/drivers/rtc/rtc.o
 .debug_macro   0x00001e6e       0x22 src/ASF/sam/drivers/rtc/rtc.o
 .debug_macro   0x00001e90       0x87 src/ASF/sam/drivers/rtc/rtc.o
 .debug_macro   0x00001f17       0x51 src/ASF/sam/drivers/rtc/rtc.o
 .debug_macro   0x00001f68       0xef src/ASF/sam/drivers/rtc/rtc.o
 .debug_macro   0x00002057       0x6a src/ASF/sam/drivers/rtc/rtc.o
 .debug_macro   0x000020c1      0x1df src/ASF/sam/drivers/rtc/rtc.o
 .debug_macro   0x000022a0       0x4a src/ASF/sam/drivers/rtc/rtc.o
 .debug_macro   0x000022ea       0x3b src/ASF/sam/drivers/rtc/rtc.o
 .debug_macro   0x00002325       0x2d src/ASF/sam/drivers/rtc/rtc.o
 .debug_macro   0x00002352       0x26 src/ASF/sam/drivers/rtc/rtc.o
 .debug_macro   0x00002378      0xf9a src/ASF/sam/drivers/rtc/rtc.o
 .debug_macro   0x00003312      0x175 src/ASF/sam/drivers/rtc/rtc.o
 .debug_macro   0x00003487      0x257 src/ASF/sam/drivers/rtc/rtc.o
 .debug_macro   0x000036de      0xa0f src/ASF/sam/drivers/rtc/rtc.o
 .debug_macro   0x000040ed      0x1b9 src/ASF/sam/drivers/rtc/rtc.o
 .debug_macro   0x000042a6      0x336 src/ASF/sam/drivers/rtc/rtc.o
 .debug_macro   0x000045dc      0x15b src/ASF/sam/drivers/rtc/rtc.o
 .debug_macro   0x00004737     0x1851 src/ASF/sam/drivers/rtc/rtc.o
 .debug_macro   0x00005f88       0x1c src/ASF/sam/drivers/rtc/rtc.o
 .debug_macro   0x00005fa4      0x68d src/ASF/sam/drivers/rtc/rtc.o
 .debug_macro   0x00006631      0x31e src/ASF/sam/drivers/rtc/rtc.o
 .debug_macro   0x0000694f      0x4d4 src/ASF/sam/drivers/rtc/rtc.o
 .debug_macro   0x00006e23      0x56e src/ASF/sam/drivers/rtc/rtc.o
 .debug_macro   0x00007391     0x1332 src/ASF/sam/drivers/rtc/rtc.o
 .debug_macro   0x000086c3     0x278d src/ASF/sam/drivers/rtc/rtc.o
 .debug_macro   0x0000ae50     0x102b src/ASF/sam/drivers/rtc/rtc.o
 .debug_macro   0x0000be7b      0xe01 src/ASF/sam/drivers/rtc/rtc.o
 .debug_macro   0x0000cc7c      0x3b1 src/ASF/sam/drivers/rtc/rtc.o
 .debug_macro   0x0000d02d       0xa0 src/ASF/sam/drivers/rtc/rtc.o
 .debug_macro   0x0000d0cd       0x76 src/ASF/sam/drivers/rtc/rtc.o
 .debug_macro   0x0000d143      0x409 src/ASF/sam/drivers/rtc/rtc.o
 .debug_macro   0x0000d54c       0x64 src/ASF/sam/drivers/rtc/rtc.o
 .debug_macro   0x0000d5b0      0x284 src/ASF/sam/drivers/rtc/rtc.o
 .debug_macro   0x0000d834      0x1d0 src/ASF/sam/drivers/rtc/rtc.o
 .debug_macro   0x0000da04      0x248 src/ASF/sam/drivers/rtc/rtc.o
 .debug_macro   0x0000dc4c      0x524 src/ASF/sam/drivers/rtc/rtc.o
 .debug_macro   0x0000e170      0x63b src/ASF/sam/drivers/rtc/rtc.o
 .debug_macro   0x0000e7ab      0x6b8 src/ASF/sam/drivers/rtc/rtc.o
 .debug_macro   0x0000ee63       0x4c src/ASF/sam/drivers/rtc/rtc.o
 .debug_macro   0x0000eeaf      0x468 src/ASF/sam/drivers/rtc/rtc.o
 .debug_macro   0x0000f317      0x207 src/ASF/sam/drivers/rtc/rtc.o
 .debug_macro   0x0000f51e      0x866 src/ASF/sam/drivers/rtc/rtc.o
 .debug_macro   0x0000fd84     0x1547 src/ASF/sam/drivers/rtc/rtc.o
 .debug_macro   0x000112cb       0x40 src/ASF/sam/drivers/rtc/rtc.o
 .debug_macro   0x0001130b       0x76 src/ASF/sam/drivers/rtc/rtc.o
 .debug_macro   0x00011381      0xdaf src/ASF/sam/drivers/rtc/rtc.o
 .debug_macro   0x00012130       0x82 src/ASF/sam/drivers/rtc/rtc.o
 .debug_macro   0x000121b2       0x76 src/ASF/sam/drivers/rtc/rtc.o
 .debug_macro   0x00012228       0x4c src/ASF/sam/drivers/rtc/rtc.o
 .debug_macro   0x00012274      0x135 src/ASF/sam/drivers/rtc/rtc.o
 .debug_macro   0x000123a9      0x135 src/ASF/sam/drivers/rtc/rtc.o
 .debug_macro   0x000124de      0x135 src/ASF/sam/drivers/rtc/rtc.o
 .debug_macro   0x00012613       0x6a src/ASF/sam/drivers/rtc/rtc.o
 .debug_macro   0x0001267d       0x6a src/ASF/sam/drivers/rtc/rtc.o
 .debug_macro   0x000126e7      0x313 src/ASF/sam/drivers/rtc/rtc.o
 .debug_macro   0x000129fa       0xb2 src/ASF/sam/drivers/rtc/rtc.o
 .debug_macro   0x00012aac       0xb2 src/ASF/sam/drivers/rtc/rtc.o
 .debug_macro   0x00012b5e       0xb2 src/ASF/sam/drivers/rtc/rtc.o
 .debug_macro   0x00012c10      0x11d src/ASF/sam/drivers/rtc/rtc.o
 .debug_macro   0x00012d2d      0x11d src/ASF/sam/drivers/rtc/rtc.o
 .debug_macro   0x00012e4a      0x2cd src/ASF/sam/drivers/rtc/rtc.o
 .debug_macro   0x00013117       0xb8 src/ASF/sam/drivers/rtc/rtc.o
 .debug_macro   0x000131cf       0x5e src/ASF/sam/drivers/rtc/rtc.o
 .debug_macro   0x0001322d       0x40 src/ASF/sam/drivers/rtc/rtc.o
 .debug_macro   0x0001326d       0x4c src/ASF/sam/drivers/rtc/rtc.o
 .debug_macro   0x000132b9       0xa0 src/ASF/sam/drivers/rtc/rtc.o
 .debug_macro   0x00013359      0x494 src/ASF/sam/drivers/rtc/rtc.o
 .debug_macro   0x000137ed      0x135 src/ASF/sam/drivers/rtc/rtc.o
 .debug_macro   0x00013922       0x4c src/ASF/sam/drivers/rtc/rtc.o
 .debug_macro   0x0001396e      0x313 src/ASF/sam/drivers/rtc/rtc.o
 .debug_macro   0x00013c81       0x6a src/ASF/sam/drivers/rtc/rtc.o
 .debug_macro   0x00013ceb       0xb8 src/ASF/sam/drivers/rtc/rtc.o
 .debug_macro   0x00013da3       0x6a src/ASF/sam/drivers/rtc/rtc.o
 .debug_macro   0x00013e0d       0x2e src/ASF/sam/drivers/rtc/rtc.o
 .debug_macro   0x00013e3b      0x9b1 src/ASF/sam/drivers/rtc/rtc.o
 .debug_macro   0x000147ec       0x6a src/ASF/sam/drivers/rtc/rtc.o
 .debug_macro   0x00014856       0x88 src/ASF/sam/drivers/rtc/rtc.o
 .debug_macro   0x000148de       0x58 src/ASF/sam/drivers/rtc/rtc.o
 .debug_macro   0x00014936       0xe2 src/ASF/sam/drivers/rtc/rtc.o
 .debug_macro   0x00014a18       0x16 src/ASF/sam/drivers/rtc/rtc.o
 .debug_macro   0x00014a2e       0xe2 src/ASF/sam/drivers/rtc/rtc.o
 .debug_macro   0x00014b10       0x4c src/ASF/sam/drivers/rtc/rtc.o
 .debug_macro   0x00014b5c       0x16 src/ASF/sam/drivers/rtc/rtc.o
 .debug_macro   0x00014b72       0x4c src/ASF/sam/drivers/rtc/rtc.o
 .debug_macro   0x00014bbe       0x2e src/ASF/sam/drivers/rtc/rtc.o
 .debug_macro   0x00014bec      0x1b5 src/ASF/sam/drivers/rtc/rtc.o
 .debug_macro   0x00014da1      0x1b5 src/ASF/sam/drivers/rtc/rtc.o
 .debug_macro   0x00014f56      0x1b5 src/ASF/sam/drivers/rtc/rtc.o
 .debug_macro   0x0001510b      0x1b5 src/ASF/sam/drivers/rtc/rtc.o
 .debug_macro   0x000152c0      0x1b5 src/ASF/sam/drivers/rtc/rtc.o
 .debug_macro   0x00015475       0x1c src/ASF/sam/drivers/rtc/rtc.o
 .debug_macro   0x00015491       0x2e src/ASF/sam/drivers/rtc/rtc.o
 .debug_macro   0x000154bf       0x22 src/ASF/sam/drivers/rtc/rtc.o
 .debug_macro   0x000154e1       0x1c src/ASF/sam/drivers/rtc/rtc.o
 .debug_macro   0x000154fd       0x52 src/ASF/sam/drivers/rtc/rtc.o
 .debug_macro   0x0001554f       0x10 src/ASF/sam/drivers/rtc/rtc.o
 .debug_macro   0x0001555f       0x1c src/ASF/sam/drivers/rtc/rtc.o
 .debug_macro   0x0001557b       0x4c src/ASF/sam/drivers/rtc/rtc.o
 .debug_macro   0x000155c7       0x4c src/ASF/sam/drivers/rtc/rtc.o
 .debug_macro   0x00015613       0x4c src/ASF/sam/drivers/rtc/rtc.o
 .debug_macro   0x0001565f      0x31b src/ASF/sam/drivers/rtc/rtc.o
 .debug_macro   0x0001597a     0x1022 src/ASF/sam/drivers/rtc/rtc.o
 .debug_macro   0x0001699c      0x107 src/ASF/sam/drivers/rtc/rtc.o
 .debug_macro   0x00016aa3       0x58 src/ASF/sam/drivers/rtc/rtc.o
 .debug_macro   0x00016afb       0x35 src/ASF/sam/drivers/rtc/rtc.o
 .debug_macro   0x00016b30       0x9c src/ASF/sam/drivers/rtc/rtc.o
 .debug_macro   0x00016bcc       0x16 src/ASF/sam/drivers/rtc/rtc.o
 .debug_macro   0x00016be2       0x35 src/ASF/sam/drivers/rtc/rtc.o
 .debug_macro   0x00016c17      0x353 src/ASF/sam/drivers/rtc/rtc.o
 .debug_macro   0x00016f6a       0x10 src/ASF/sam/drivers/rtc/rtc.o
 .debug_macro   0x00016f7a       0x58 src/ASF/sam/drivers/rtc/rtc.o
 .debug_macro   0x00016fd2       0x1f src/ASF/sam/drivers/rtc/rtc.o
 .debug_macro   0x00016ff1       0x43 src/ASF/sam/drivers/rtc/rtc.o
 .debug_macro   0x00017034       0x20 src/ASF/sam/drivers/rtc/rtc.o
 .debug_macro   0x00017054      0x187 src/ASF/sam/drivers/rtc/rtc.o
 .debug_macro   0x000171db       0x10 src/ASF/sam/drivers/rtc/rtc.o
 .debug_macro   0x000171eb       0x1c src/ASF/sam/drivers/rtc/rtc.o
 .debug_macro   0x00017207       0x52 src/ASF/sam/drivers/rtc/rtc.o
 .debug_macro   0x00017259       0x40 src/ASF/sam/drivers/rtc/rtc.o
 .debug_macro   0x00017299       0x10 src/ASF/sam/drivers/rtc/rtc.o
 .debug_macro   0x000172a9       0x40 src/ASF/sam/drivers/rtc/rtc.o
 .debug_macro   0x000172e9       0xd7 src/ASF/sam/drivers/rtc/rtc.o
 .debug_macro   0x000173c0       0x16 src/ASF/sam/drivers/rtc/rtc.o
 .debug_macro   0x000173d6      0x18b src/ASF/sam/drivers/rtc/rtc.o
 .debug_macro   0x00017561       0x22 src/ASF/sam/drivers/rtc/rtc.o
 .debug_macro   0x00017583       0x16 src/ASF/sam/drivers/rtc/rtc.o
 .debug_macro   0x00017599       0x16 src/ASF/sam/drivers/rtc/rtc.o
 .debug_macro   0x000175af       0x29 src/ASF/sam/drivers/rtc/rtc.o
 .debug_macro   0x000175d8       0x75 src/ASF/sam/drivers/rtc/rtc.o
 .debug_macro   0x0001764d       0x3f src/ASF/sam/drivers/rtc/rtc.o
 .debug_macro   0x0001768c      0x3ca src/ASF/sam/drivers/rtc/rtc.o
 .debug_macro   0x00017a56      0x660 src/ASF/sam/drivers/rtt/rtt.o
 .debug_macro   0x000180b6      0x6d9 src/ASF/sam/drivers/spi/spi.o
 .debug_macro   0x0001878f       0x10 src/ASF/sam/drivers/spi/spi.o
 .debug_macro   0x0001879f       0x3a src/ASF/sam/drivers/spi/spi.o
 .debug_macro   0x000187d9      0x2c6 src/ASF/sam/drivers/spi/spi.o
 .debug_macro   0x00018a9f      0xa96 src/ASF/sam/drivers/spi/spi.o
 .debug_macro   0x00019535       0x70 src/ASF/sam/drivers/spi/spi.o
 .debug_macro   0x000195a5       0x64 src/ASF/sam/drivers/spi/spi.o
 .debug_macro   0x00019609       0x5f src/ASF/sam/drivers/spi/spi.o
 .debug_macro   0x00019668       0xac src/ASF/sam/drivers/spi/spi.o
 .debug_macro   0x00019714      0x66d src/ASF/sam/drivers/tc/tc.o
 .debug_macro   0x00019d81       0x52 src/ASF/sam/drivers/tc/tc.o
 .debug_macro   0x00019dd3       0x8d src/ASF/sam/drivers/tc/tc.o
 .debug_macro   0x00019e60       0x16 src/ASF/sam/drivers/tc/tc.o
 .debug_macro   0x00019e76       0x57 src/ASF/sam/drivers/tc/tc.o
 .debug_macro   0x00019ecd       0x1c src/ASF/sam/drivers/tc/tc.o
 .debug_macro   0x00019ee9      0x7e6 src/oled/gfx_mono_framebuffer.o
 .debug_macro   0x0001a6cf       0x50 src/oled/gfx_mono_framebuffer.o
 .debug_macro   0x0001a71f       0x22 src/oled/gfx_mono_framebuffer.o
 .debug_macro   0x0001a741       0x7b src/oled/gfx_mono_framebuffer.o
 .debug_macro   0x0001a7bc       0x28 src/oled/gfx_mono_framebuffer.o
 .debug_macro   0x0001a7e4       0x23 src/oled/gfx_mono_framebuffer.o
 .debug_macro   0x0001a807       0x94 src/oled/gfx_mono_framebuffer.o
 .debug_macro   0x0001a89b       0x40 src/oled/gfx_mono_framebuffer.o
 .debug_macro   0x0001a8db       0x88 src/oled/gfx_mono_framebuffer.o
 .debug_macro   0x0001a963      0x1ce src/oled/gfx_mono_framebuffer.o
 .debug_macro   0x0001ab31       0x34 src/oled/gfx_mono_framebuffer.o
 .debug_macro   0x0001ab65       0x16 src/oled/gfx_mono_framebuffer.o
 .debug_macro   0x0001ab7b       0x1c src/oled/gfx_mono_framebuffer.o
 .debug_macro   0x0001ab97       0x16 src/oled/gfx_mono_framebuffer.o
 .debug_macro   0x0001abad       0x28 src/oled/gfx_mono_framebuffer.o
 .debug_macro   0x0001abd5       0xd1 src/oled/gfx_mono_framebuffer.o
 .debug_macro   0x0001aca6       0x8b src/oled/gfx_mono_framebuffer.o
 .debug_macro   0x0001ad31      0x7e6 src/oled/gfx_mono_generic.o
 .debug_macro   0x0001b517      0x7ff src/oled/gfx_mono_text.o
 .debug_macro   0x0001bd16      0x7ea src/oled/gfx_mono_ug_2832hsweg04.o
 .debug_macro   0x0001c500       0x28 src/oled/gfx_mono_ug_2832hsweg04.o
 .debug_macro   0x0001c528      0x7c0 src/oled/ssd1306.o
 .debug_macro   0x0001cce8      0x69c src/oled/sysfont.o
 .debug_macro   0x0001d384       0x3a src/oled/sysfont.o
 .debug_macro   0x0001d3be      0x665 src/ASF/common/services/delay/sam/cycle_counter.o
 .debug_macro   0x0001da23       0x22 src/ASF/common/services/delay/sam/cycle_counter.o
 .debug_macro   0x0001da45      0x6d1 src/ASF/common/services/clock/same70/sysclk.o
 .debug_macro   0x0001e116      0x2c0 src/ASF/common/services/clock/same70/sysclk.o
 .debug_macro   0x0001e3d6      0x655 src/ASF/common/utils/interrupt/interrupt_sam_nvic.o
 .debug_macro   0x0001ea2b      0x70b src/ASF/sam/boards/same70_xplained/init.o
 .debug_macro   0x0001f136       0x82 src/ASF/sam/boards/same70_xplained/init.o
 .debug_macro   0x0001f1b8      0x66b src/ASF/sam/drivers/pio/pio.o
 .debug_macro   0x0001f823       0x8e src/ASF/sam/drivers/pio/pio.o
 .debug_macro   0x0001f8b1      0x676 src/ASF/sam/drivers/pio/pio_handler.o
 .debug_macro   0x0001ff27      0x66b src/ASF/sam/drivers/pmc/pmc.o
 .debug_macro   0x00020592       0x6a src/ASF/sam/drivers/pmc/pmc.o
 .debug_macro   0x000205fc      0x684 src/ASF/sam/drivers/pmc/sleep.o
 .debug_macro   0x00020c80      0x664 src/ASF/sam/utils/cmsis/same70/source/templates/gcc/startup_same70.o
 .debug_macro   0x000212e4       0x10 src/ASF/sam/utils/cmsis/same70/source/templates/gcc/startup_same70.o
 .debug_macro   0x000212f4      0x455 src/ASF/sam/utils/cmsis/same70/source/templates/system_same70.o
 .debug_macro   0x00021749      0x1d6 src/ASF/sam/utils/syscalls/gcc/syscalls.o
 .debug_macro   0x0002191f       0x97 src/ASF/sam/utils/syscalls/gcc/syscalls.o
 .debug_macro   0x000219b6       0xf6 src/ASF/sam/utils/syscalls/gcc/syscalls.o
 .debug_macro   0x00021aac       0x4c src/ASF/sam/utils/syscalls/gcc/syscalls.o
 .debug_macro   0x00021af8       0x16 src/ASF/sam/utils/syscalls/gcc/syscalls.o
 .debug_macro   0x00021b0e       0x10 src/ASF/sam/utils/syscalls/gcc/syscalls.o
 .debug_macro   0x00021b1e       0x10 src/ASF/sam/utils/syscalls/gcc/syscalls.o
 .debug_macro   0x00021b2e       0x35 src/ASF/sam/utils/syscalls/gcc/syscalls.o
 .debug_macro   0x00021b63      0x122 src/ASF/sam/utils/syscalls/gcc/syscalls.o
 .debug_macro   0x00021c85      0x920 src/main.o

.debug_line     0x00000000    0x10f12
 .debug_line    0x00000000      0xbf4 src/ASF/sam/drivers/rtc/rtc.o
 .debug_line    0x00000bf4      0xa7b src/ASF/sam/drivers/rtt/rtt.o
 .debug_line    0x0000166f      0xc9d src/ASF/sam/drivers/spi/spi.o
 .debug_line    0x0000230c      0xb8c src/ASF/sam/drivers/tc/tc.o
 .debug_line    0x00002e98      0xe96 src/oled/gfx_mono_framebuffer.o
 .debug_line    0x00003d2e      0xf5b src/oled/gfx_mono_generic.o
 .debug_line    0x00004c89      0xeb9 src/oled/gfx_mono_text.o
 .debug_line    0x00005b42      0xf43 src/oled/gfx_mono_ug_2832hsweg04.o
 .debug_line    0x00006a85     0x1002 src/oled/ssd1306.o
 .debug_line    0x00007a87      0xa1b src/oled/sysfont.o
 .debug_line    0x000084a2      0x9ed src/ASF/common/services/delay/sam/cycle_counter.o
 .debug_line    0x00008e8f      0xc67 src/ASF/common/services/clock/same70/sysclk.o
 .debug_line    0x00009af6      0xa09 src/ASF/common/utils/interrupt/interrupt_sam_nvic.o
 .debug_line    0x0000a4ff      0xd63 src/ASF/sam/boards/same70_xplained/init.o
 .debug_line    0x0000b262      0xe17 src/ASF/sam/drivers/pio/pio.o
 .debug_line    0x0000c079      0xb18 src/ASF/sam/drivers/pio/pio_handler.o
 .debug_line    0x0000cb91     0x10dc src/ASF/sam/drivers/pmc/pmc.o
 .debug_line    0x0000dc6d      0xb5d src/ASF/sam/drivers/pmc/sleep.o
 .debug_line    0x0000e7ca      0xac0 src/ASF/sam/utils/cmsis/same70/source/templates/gcc/startup_same70.o
 .debug_line    0x0000f28a      0x820 src/ASF/sam/utils/cmsis/same70/source/templates/system_same70.o
 .debug_line    0x0000faaa      0x417 src/ASF/sam/utils/syscalls/gcc/syscalls.o
 .debug_line    0x0000fec1     0x1051 src/main.o

.debug_str      0x00000000    0x90aa5
 .debug_str     0x00000000    0x81b80 src/ASF/sam/drivers/rtc/rtc.o
                              0x8223f (size before relaxing)
 .debug_str     0x00081b80      0x132 src/ASF/sam/drivers/rtt/rtt.o
                              0x82002 (size before relaxing)